Component: ARM Compiler 5.05 update 1 (build 106) Tool: armlink [4d0efa]

==============================================================================

Section Cross References

    stm32f10x_gpio.o(i.GPIO_AFIODeInit) refers to stm32f10x_rcc.o(i.RCC_APB2PeriphResetCmd) for RCC_APB2PeriphResetCmd
    stm32f10x_gpio.o(i.GPIO_DeInit) refers to stm32f10x_rcc.o(i.RCC_APB2PeriphResetCmd) for RCC_APB2PeriphResetCmd
    stm32f10x_rcc.o(i.RCC_GetClocksFreq) refers to stm32f10x_rcc.o(.data) for APBAHBPrescTable
    stm32f10x_rcc.o(i.RCC_WaitForHSEStartUp) refers to stm32f10x_rcc.o(i.RCC_GetFlagStatus) for RCC_GetFlagStatus
    system_stm32f10x.o(i.SetSysClock) refers to system_stm32f10x.o(i.SetSysClockTo72) for SetSysClockTo72
    system_stm32f10x.o(i.SystemCoreClockUpdate) refers to system_stm32f10x.o(.data) for SystemCoreClock
    system_stm32f10x.o(i.SystemInit) refers to system_stm32f10x.o(i.SetSysClock) for SetSysClock
    stm32f10x_flash.o(i.FLASH_EnableWriteProtection) refers to stm32f10x_flash.o(i.FLASH_WaitForLastOperation) for FLASH_WaitForLastOperation
    stm32f10x_flash.o(i.FLASH_EraseAllBank1Pages) refers to stm32f10x_flash.o(i.FLASH_WaitForLastBank1Operation) for FLASH_WaitForLastBank1Operation
    stm32f10x_flash.o(i.FLASH_EraseAllPages) refers to stm32f10x_flash.o(i.FLASH_WaitForLastOperation) for FLASH_WaitForLastOperation
    stm32f10x_flash.o(i.FLASH_EraseOptionBytes) refers to stm32f10x_flash.o(i.FLASH_GetReadOutProtectionStatus) for FLASH_GetReadOutProtectionStatus
    stm32f10x_flash.o(i.FLASH_EraseOptionBytes) refers to stm32f10x_flash.o(i.FLASH_WaitForLastOperation) for FLASH_WaitForLastOperation
    stm32f10x_flash.o(i.FLASH_ErasePage) refers to stm32f10x_flash.o(i.FLASH_WaitForLastOperation) for FLASH_WaitForLastOperation
    stm32f10x_flash.o(i.FLASH_ProgramHalfWord) refers to stm32f10x_flash.o(i.FLASH_WaitForLastOperation) for FLASH_WaitForLastOperation
    stm32f10x_flash.o(i.FLASH_ProgramOptionByteData) refers to stm32f10x_flash.o(i.FLASH_WaitForLastOperation) for FLASH_WaitForLastOperation
    stm32f10x_flash.o(i.FLASH_ProgramWord) refers to stm32f10x_flash.o(i.FLASH_WaitForLastOperation) for FLASH_WaitForLastOperation
    stm32f10x_flash.o(i.FLASH_ReadOutProtection) refers to stm32f10x_flash.o(i.FLASH_WaitForLastOperation) for FLASH_WaitForLastOperation
    stm32f10x_flash.o(i.FLASH_UserOptionByteConfig) refers to stm32f10x_flash.o(i.FLASH_WaitForLastOperation) for FLASH_WaitForLastOperation
    stm32f10x_flash.o(i.FLASH_WaitForLastBank1Operation) refers to stm32f10x_flash.o(i.FLASH_GetBank1Status) for FLASH_GetBank1Status
    stm32f10x_flash.o(i.FLASH_WaitForLastOperation) refers to stm32f10x_flash.o(i.FLASH_GetBank1Status) for FLASH_GetBank1Status
    main.o(i.main) refers to user_system.o(i.Config_System) for Config_System
    main.o(i.main) refers to user_gpio.o(i.GPIO_Configuration) for GPIO_Configuration
    main.o(i.main) refers to glcd_spi.o(i.lcd_init) for lcd_init
    main.o(i.main) refers to user_delay.o(i.delay_ms) for delay_ms
    main.o(i.main) refers to glcd_spi.o(i.lcd_puts) for lcd_puts
    main.o(i.main) refers to glcd_spi.o(i.lcd_gotoxy) for lcd_gotoxy
    main.o(i.main) refers to glcd_spi.o(i.lcd_putchar) for lcd_putchar
    glcd_spi.o(i.lcd_clear) refers to glcd_spi.o(i.lcd_gotoxy) for lcd_gotoxy
    glcd_spi.o(i.lcd_clear) refers to glcd_spi.o(i.lcd_write) for lcd_write
    glcd_spi.o(i.lcd_gotoxy) refers to glcd_spi.o(i.lcd_write) for lcd_write
    glcd_spi.o(i.lcd_init) refers to glcd_spi.o(i.lcd_write) for lcd_write
    glcd_spi.o(i.lcd_init) refers to user_delay.o(i.delay_ms) for delay_ms
    glcd_spi.o(i.lcd_init) refers to glcd_spi.o(i.lcd_clear) for lcd_clear
    glcd_spi.o(i.lcd_putchar) refers to glcd_spi.o(i.lcd_write) for lcd_write
    glcd_spi.o(i.lcd_putchar) refers to glcd_spi.o(.constdata) for font
    glcd_spi.o(i.lcd_puts) refers to glcd_spi.o(i.lcd_putchar) for lcd_putchar
    glcd_spi.o(i.lcd_write) refers to user_delay.o(i.delay_us) for delay_us
    user_delay.o(i.__delay_ms) refers to user_delay.o(.data) for fac_ms
    user_delay.o(i.delay_init) refers to user_delay.o(.data) for fac_us
    user_delay.o(i.delay_ms) refers to user_delay.o(i.__delay_ms) for __delay_ms
    user_delay.o(i.delay_us) refers to user_delay.o(.data) for fac_us
    user_gpio.o(i.GPIO_Configuration) refers to stm32f10x_rcc.o(i.RCC_APB2PeriphClockCmd) for RCC_APB2PeriphClockCmd
    user_gpio.o(i.GPIO_Configuration) refers to stm32f10x_gpio.o(i.GPIO_PinRemapConfig) for GPIO_PinRemapConfig
    user_gpio.o(i.GPIO_Configuration) refers to stm32f10x_gpio.o(i.GPIO_Init) for GPIO_Init
    user_gpio.o(i.GPIO_Configuration) refers to user_gpio.o(.data) for GPIO_InitStructure
    user_interrupt.o(i.HardFault_Handler) refers to noretval__2printf.o(.text) for __2printf
    user_system.o(i.Config_System) refers to stm32f10x_rcc.o(i.RCC_HSICmd) for RCC_HSICmd
    user_system.o(i.Config_System) refers to stm32f10x_flash.o(i.FLASH_PrefetchBufferCmd) for FLASH_PrefetchBufferCmd
[...]
    defsig_other.o(.text) refers to defsig_general.o(.text) for __default_signal_display


==============================================================================

Removing Unused input sections from the image.

    Removing core_cm3.o(.emb_text), (32 bytes).
    Removing misc.o(.rev16_text), (4 bytes).
    Removing misc.o(.revsh_text), (4 bytes).
    Removing misc.o(i.NVIC_Init), (112 bytes).
    Removing misc.o(i.NVIC_PriorityGroupConfig), (20 bytes).
    Removing misc.o(i.NVIC_SetVectorTable), (20 bytes).
    Removing misc.o(i.NVIC_SystemLPConfig), (32 bytes).
    Removing misc.o(i.SysTick_CLKSourceConfig), (40 bytes).
    Removing stm32f10x_gpio.o(.rev16_text), (4 bytes).
    Removing stm32f10x_gpio.o(.revsh_text), (4 bytes).
    Removing stm32f10x_gpio.o(i.GPIO_AFIODeInit), (20 bytes).
    Removing stm32f10x_gpio.o(i.GPIO_DeInit), (200 bytes).
    Removing stm32f10x_gpio.o(i.GPIO_ETH_MediaInterfaceConfig), (12 bytes).
    Removing stm32f10x_gpio.o(i.GPIO_EXTILineConfig), (64 bytes).
    Removing stm32f10x_gpio.o(i.GPIO_EventOutputCmd), (12 bytes).
    Removing stm32f10x_gpio.o(i.GPIO_EventOutputConfig), (32 bytes).
    Removing stm32f10x_gpio.o(i.GPIO_PinLockConfig), (18 bytes).
    Removing stm32f10x_gpio.o(i.GPIO_ReadInputData), (8 bytes).
    Removing stm32f10x_gpio.o(i.GPIO_ReadInputDataBit), (18 bytes).
    Removing stm32f10x_gpio.o(i.GPIO_ReadOutputData), (8 bytes).
    Removing stm32f10x_gpio.o(i.GPIO_ReadOutputDataBit), (18 bytes).
    Removing stm32f10x_gpio.o(i.GPIO_ResetBits), (4 bytes).
    Removing stm32f10x_gpio.o(i.GPIO_SetBits), (4 bytes).
    Removing stm32f10x_gpio.o(i.GPIO_StructInit), (16 bytes).
    Removing stm32f10x_gpio.o(i.GPIO_Write), (4 bytes).
    Removing stm32f10x_gpio.o(i.GPIO_WriteBit), (10 bytes).
    Removing stm32f10x_rcc.o(.rev16_text), (4 bytes).
    Removing stm32f10x_rcc.o(.revsh_text), (4 bytes).
    Removing stm32f10x_rcc.o(i.RCC_ADCCLKConfig), (24 bytes).
    Removing stm32f10x_rcc.o(i.RCC_AHBPeriphClockCmd), (32 bytes).
    Removing stm32f10x_rcc.o(i.RCC_APB1PeriphClockCmd), (32 bytes).
    Removing stm32f10x_rcc.o(i.RCC_APB1PeriphResetCmd), (32 bytes).
    Removing stm32f10x_rcc.o(i.RCC_APB2PeriphResetCmd), (32 bytes).
    Removing stm32f10x_rcc.o(i.RCC_AdjustHSICalibrationValue), (24 bytes).
    Removing stm32f10x_rcc.o(i.RCC_BackupResetCmd), (12 bytes).
    Removing stm32f10x_rcc.o(i.RCC_ClearFlag), (20 bytes).
    Removing stm32f10x_rcc.o(i.RCC_ClearITPendingBit), (12 bytes).
    Removing stm32f10x_rcc.o(i.RCC_ClockSecuritySystemCmd), (12 bytes).
    Removing stm32f10x_rcc.o(i.RCC_DeInit), (76 bytes).
    Removing stm32f10x_rcc.o(i.RCC_GetClocksFreq), (212 bytes).
    Removing stm32f10x_rcc.o(i.RCC_GetITStatus), (24 bytes).
    Removing stm32f10x_rcc.o(i.RCC_HSEConfig), (76 bytes).
    Removing stm32f10x_rcc.o(i.RCC_ITConfig), (32 bytes).
    Removing stm32f10x_rcc.o(i.RCC_LSEConfig), (52 bytes).
    Removing stm32f10x_rcc.o(i.RCC_LSICmd), (12 bytes).
    Removing stm32f10x_rcc.o(i.RCC_MCOConfig), (12 bytes).
    Removing stm32f10x_rcc.o(i.RCC_RTCCLKCmd), (12 bytes).
    Removing stm32f10x_rcc.o(i.RCC_RTCCLKConfig), (16 bytes).
    Removing stm32f10x_rcc.o(i.RCC_USBCLKConfig), (12 bytes).
    Removing stm32f10x_rcc.o(i.RCC_WaitForHSEStartUp), (56 bytes).
    Removing stm32f10x_rcc.o(.data), (20 bytes).
    Removing system_stm32f10x.o(.rev16_text), (4 bytes).
    Removing system_stm32f10x.o(.revsh_text), (4 bytes).
    Removing system_stm32f10x.o(i.SystemCoreClockUpdate), (164 bytes).
    Removing system_stm32f10x.o(.data), (20 bytes).
    Removing stm32f10x_flash.o(.rev16_text), (4 bytes).
    Removing stm32f10x_flash.o(.revsh_text), (4 bytes).
    Removing stm32f10x_flash.o(i.FLASH_ClearFlag), (12 bytes).
    Removing stm32f10x_flash.o(i.FLASH_EnableWriteProtection), (196 bytes).
    Removing stm32f10x_flash.o(i.FLASH_EraseAllBank1Pages), (72 bytes).
    Removing stm32f10x_flash.o(i.FLASH_EraseAllPages), (72 bytes).
    Removing stm32f10x_flash.o(i.FLASH_EraseOptionBytes), (168 bytes).
    Removing stm32f10x_flash.o(i.FLASH_ErasePage), (76 bytes).
    Removing stm32f10x_flash.o(i.FLASH_GetBank1Status), (52 bytes).
    Removing stm32f10x_flash.o(i.FLASH_GetFlagStatus), (48 bytes).
    Removing stm32f10x_flash.o(i.FLASH_GetPrefetchBufferStatus), (24 bytes).
    Removing stm32f10x_flash.o(i.FLASH_GetReadOutProtectionStatus), (24 bytes).
    Removing stm32f10x_flash.o(i.FLASH_GetStatus), (52 bytes).
    Removing stm32f10x_flash.o(i.FLASH_GetUserOptionByte), (12 bytes).
    Removing stm32f10x_flash.o(i.FLASH_GetWriteProtectionOptionByte), (12 bytes).
    Removing stm32f10x_flash.o(i.FLASH_HalfCycleAccessCmd), (28 bytes).
    Removing stm32f10x_flash.o(i.FLASH_ITConfig), (32 bytes).
    Removing stm32f10x_flash.o(i.FLASH_Lock), (20 bytes).
    Removing stm32f10x_flash.o(i.FLASH_LockBank1), (20 bytes).
    Removing stm32f10x_flash.o(i.FLASH_ProgramHalfWord), (64 bytes).
    Removing stm32f10x_flash.o(i.FLASH_ProgramOptionByteData), (84 bytes).
    Removing stm32f10x_flash.o(i.FLASH_ProgramWord), (108 bytes).
    Removing stm32f10x_flash.o(i.FLASH_ReadOutProtection), (172 bytes).
    Removing stm32f10x_flash.o(i.FLASH_Unlock), (24 bytes).
    Removing stm32f10x_flash.o(i.FLASH_UnlockBank1), (24 bytes).
    Removing stm32f10x_flash.o(i.FLASH_UserOptionByteConfig), (104 bytes).
    Removing stm32f10x_flash.o(i.FLASH_WaitForLastBank1Operation), (38 bytes).
    Removing stm32f10x_flash.o(i.FLASH_WaitForLastOperation), (38 bytes).
    Removing main.o(.rev16_text), (4 bytes).
    Removing main.o(.revsh_text), (4 bytes).
    Removing glcd_spi.o(.rev16_text), (4 bytes).
    Removing glcd_spi.o(.revsh_text), (4 bytes).
    Removing user_delay.o(.rev16_text), (4 bytes).
    Removing user_delay.o(.revsh_text), (4 bytes).
    Removing user_gpio.o(.rev16_text), (4 bytes).
    Removing user_gpio.o(.revsh_text), (4 bytes).
    Removing user_interrupt.o(.rev16_text), (4 bytes).
    Removing user_interrupt.o(.revsh_text), (4 bytes).
    Removing user_interrupt.o(i.ADC3_IRQHandler), (2 bytes).
    Removing user_interrupt.o(i.CAN_RX1_IRQHandler), (2 bytes).
    Removing user_interrupt.o(i.CAN_SCE_IRQHandler), (2 bytes).
    Removing user_interrupt.o(i.DMA2_Channel1_IRQHandler), (2 bytes).
    Removing user_interrupt.o(i.DMA2_Channel2_IRQHandler), (2 bytes).
    Removing user_interrupt.o(i.DMA2_Channel3_IRQHandler), (2 bytes).
    Removing user_interrupt.o(i.DMA2_Channel4_5_IRQHandler), (2 bytes).
    Removing user_interrupt.o(i.DMAChannel1_IRQHandler), (2 bytes).
    Removing user_interrupt.o(i.ETH_IRQHandler), (2 bytes).
    Removing user_interrupt.o(i.FSMC_IRQHandler), (2 bytes).
    Removing user_interrupt.o(i.SDIO_IRQHandler), (2 bytes).
    Removing user_interrupt.o(i.SPI3_IRQHandler), (2 bytes).
    Removing user_interrupt.o(i.TIM5_IRQHandler), (2 bytes).
    Removing user_interrupt.o(i.TIM6_IRQHandler), (2 bytes).
    Removing user_interrupt.o(i.TIM7_IRQHandler), (2 bytes).
    Removing user_interrupt.o(i.TIM8_BRK_IRQHandler), (2 bytes).
    Removing user_interrupt.o(i.TIM8_CC_IRQHandler), (2 bytes).
    Removing user_interrupt.o(i.TIM8_TRG_COM_IRQHandler), (2 bytes).
    Removing user_interrupt.o(i.TIM8_UP_IRQHandler), (2 bytes).
    Removing user_interrupt.o(i.UART4_IRQHandler), (2 bytes).
    Removing user_interrupt.o(i.UART5_IRQHandler), (2 bytes).
    Removing user_interrupt.o(i.USB_HP_CAN_TX_IRQHandler), (2 bytes).
    Removing user_system.o(.rev16_text), (4 bytes).
    Removing user_system.o(.revsh_text), (4 bytes).

117 unused section(s) (total 3440 bytes) removed from the image.

==============================================================================

Image Symbol Table

    Local Symbols

    Symbol Name                              Value     Ov Type        Size  Object(Section)

    ../clib/angel/boardlib.s                 0x00000000   Number         0  boardshut.o ABSOLUTE
    ../clib/angel/boardlib.s                 0x00000000   Number         0  boardinit1.o ABSOLUTE
    ../clib/angel/boardlib.s                 0x00000000   Number         0  boardinit2.o ABSOLUTE
    ../clib/angel/boardlib.s                 0x00000000   Number         0  boardinit3.o ABSOLUTE
    ../clib/angel/handlers.s                 0x00000000   Number         0  __scatter_copy.o ABSOLUTE
    ../clib/angel/handlers.s                 0x00000000   Number         0  __scatter_zi.o ABSOLUTE
    ../clib/angel/kernel.s                   0x00000000   Number         0  rtexit.o ABSOLUTE
    ../clib/angel/kernel.s                   0x00000000   Number         0  __rtentry.o ABSOLUTE
    ../clib/angel/kernel.s                   0x00000000   Number         0  __rtentry2.o ABSOLUTE
    ../clib/angel/kernel.s                   0x00000000   Number         0  rtexit2.o ABSOLUTE
    ../clib/angel/kernel.s                   0x00000000   Number         0  __rtentry4.o ABSOLUTE
    ../clib/angel/rt.s                       0x00000000   Number         0  rt_errno_addr.o ABSOLUTE
    ../clib/angel/rt.s                       0x00000000   Number         0  rt_heap_descriptor.o ABSOLUTE
    ../clib/angel/rt.s                       0x00000000   Number         0  rt_raise.o ABSOLUTE
    ../clib/angel/rt.s                       0x00000000   Number         0  rt_heap_descriptor_intlibspace.o ABSOLUTE
    ../clib/angel/rt.s                       0x00000000   Number         0  rt_errno_addr_intlibspace.o ABSOLUTE
    ../clib/angel/scatter.s                  0x00000000   Number         0  __scatter.o ABSOLUTE
    ../clib/angel/startup.s                  0x00000000   Number         0  __main.o ABSOLUTE
    ../clib/angel/sys.s                      0x00000000   Number         0  use_no_semi.o ABSOLUTE
    ../clib/angel/sys.s                      0x00000000   Number         0  sys_stackheap_outer.o ABSOLUTE
    ../clib/angel/sys.s                      0x00000000   Number         0  indicate_semi.o ABSOLUTE
    ../clib/angel/sys.s                      0x00000000   Number         0  mutex_dummy.o ABSOLUTE
    ../clib/angel/sys.s                      0x00000000   Number         0  libspace.o ABSOLUTE
    ../clib/angel/sysapp.c                   0x00000000   Number         0  sys_command.o ABSOLUTE
    ../clib/angel/sysapp.c                   0x00000000   Number         0  sys_wrch.o ABSOLUTE
    ../clib/angel/sysapp.c                   0x00000000   Number         0  sys_exit.o ABSOLUTE
    ../clib/angel/sysapp.c                   0x00000000   Number         0  sys_io.o ABSOLUTE
    ../clib/armsys.c                         0x00000000   Number         0  no_argv.o ABSOLUTE
    ../clib/armsys.c                         0x00000000   Number         0  _get_argv_nomalloc.o ABSOLUTE
    ../clib/armsys.c                         0x00000000   Number         0  _get_argv.o ABSOLUTE
    ../clib/armsys.c                         0x00000000   Number         0  argv_veneer.o ABSOLUTE
    ../clib/armsys.c                         0x00000000   Number         0  argv_veneer.o ABSOLUTE
    ../clib/assert.c                         0x00000000   Number         0  assert_stdio.o ABSOLUTE
    ../clib/heap1.c                          0x00000000   Number         0  h1_final.o ABSOLUTE
    ../clib/heap1.c                          0x00000000   Number         0  h1_final_mt.o ABSOLUTE
    ../clib/heap1.c                          0x00000000   Number         0  h1_extend_mt.o ABSOLUTE
    ../clib/heap1.c                          0x00000000   Number         0  h1_init_mt.o ABSOLUTE
    ../clib/heap1.c                          0x00000000   Number         0  h1_extend.o ABSOLUTE
    ../clib/heap1.c                          0x00000000   Number         0  h1_init.o ABSOLUTE
    ../clib/heap1.c                          0x00000000   Number         0  h1_alloc_mt.o ABSOLUTE
    ../clib/heap1.c                          0x00000000   Number         0  h1_alloc.o ABSOLUTE
    ../clib/heap1.c                          0x00000000   Number         0  h1_free_mt.o ABSOLUTE
    ../clib/heap1.c                          0x00000000   Number         0  h1_free.o ABSOLUTE
    ../clib/heap2.c                          0x00000000   Number         0  heap2.o ABSOLUTE
    ../clib/heap2.c                          0x00000000   Number         0  fdtree.o ABSOLUTE
    ../clib/heap2.c                          0x00000000   Number         0  heap2mt.o ABSOLUTE
    ../clib/heapalloc.c                      0x00000000   Number         0  maybetermalloc2.o ABSOLUTE
    ../clib/heapalloc.c                      0x00000000   Number         0  maybetermalloc2.o ABSOLUTE
    ../clib/heapalloc.c                      0x00000000   Number         0  maybetermalloc1.o ABSOLUTE
    ../clib/heapalloc.c                      0x00000000   Number         0  maybetermalloc1.o ABSOLUTE
    ../clib/heapalloc.c                      0x00000000   Number         0  hguard.o ABSOLUTE
    ../clib/heapalloc.c                      0x00000000   Number         0  init_alloc.o ABSOLUTE
    ../clib/heapalloc.c                      0x00000000   Number         0  heapstubs.o ABSOLUTE
    ../clib/heapalloc.c                      0x00000000   Number         0  malloc.o ABSOLUTE
    ../clib/heapalloc.c                      0x00000000   Number         0  free.o ABSOLUTE
    ../clib/heapalloc.c                      0x00000000   Number         0  term_alloc.o ABSOLUTE
    ../clib/heapalloc.c                      0x00000000   Number         0  hrguard.o ABSOLUTE
    ../clib/heapaux.c                        0x00000000   Number         0  heapauxi.o ABSOLUTE
    ../clib/heapaux.c                        0x00000000   Number         0  heapauxa.o ABSOLUTE
    ../clib/libinit.s                        0x00000000   Number         0  libinit.o ABSOLUTE
    ../clib/libinit.s                        0x00000000   Number         0  libshutdown2.o ABSOLUTE
    ../clib/libinit.s                        0x00000000   Number         0  libshutdown.o ABSOLUTE
    ../clib/libinit.s                        0x00000000   Number         0  libinit2.o ABSOLUTE
    ../clib/memcpset.s                       0x00000000   Number         0  rt_memclr_w.o ABSOLUTE
    ../clib/memcpset.s                       0x00000000   Number         0  rt_memcpy_w.o ABSOLUTE
    ../clib/memcpset.s                       0x00000000   Number         0  rt_memcpy_v6.o ABSOLUTE
    ../clib/printf.c                         0x00000000   Number         0  __printf_nopercent.o ABSOLUTE
    ../clib/printf.c                         0x00000000   Number         0  _printf_char_common.o ABSOLUTE
    ../clib/printf.c                         0x00000000   Number         0  _printf_char_file_locked.o ABSOLUTE
    ../clib/printf.c                         0x00000000   Number         0  noretval__2printf.o ABSOLUTE
    ../clib/printf.c                         0x00000000   Number         0  __2printf.o ABSOLUTE
    ../clib/printf.c                         0x00000000   Number         0  _printf_char_file.o ABSOLUTE
    ../clib/signal.c                         0x00000000   Number         0  defsig_exit.o ABSOLUTE
    ../clib/signal.c                         0x00000000   Number         0  defsig_rtred_inner.o ABSOLUTE
    ../clib/signal.c                         0x00000000   Number         0  defsig_rtred_formal.o ABSOLUTE
    ../clib/signal.c                         0x00000000   Number         0  defsig_rtred_outer.o ABSOLUTE
    ../clib/signal.c                         0x00000000   Number         0  __raise.o ABSOLUTE
    ../clib/signal.c                         0x00000000   Number         0  defsig_general.o ABSOLUTE
    ../clib/signal.c                         0x00000000   Number         0  defsig_other.o ABSOLUTE
    ../clib/signal.c                         0x00000000   Number         0  defsig_segv_inner.o ABSOLUTE
    ../clib/signal.c                         0x00000000   Number         0  defsig_cppl_inner.o ABSOLUTE
    ../clib/signal.c                         0x00000000   Number         0  defsig_pvfn_inner.o ABSOLUTE
    ../clib/signal.c                         0x00000000   Number         0  defsig_rtmem_outer.o ABSOLUTE
    ../clib/signal.c                         0x00000000   Number         0  defsig_fpe_inner.o ABSOLUTE
    ../clib/signal.c                         0x00000000   Number         0  defsig_abrt_inner.o ABSOLUTE
    ../clib/signal.c                         0x00000000   Number         0  defsig_rtmem_formal.o ABSOLUTE
    ../clib/signal.c                         0x00000000   Number         0  defsig_rtmem_inner.o ABSOLUTE
    ../clib/signal.c                         0x00000000   Number         0  defsig_stak_inner.o ABSOLUTE
    ../clib/signal.s                         0x00000000   Number         0  defsig.o ABSOLUTE
    ../clib/stdio.c                          0x00000000   Number         0  stdio_streams.o ABSOLUTE
    ../clib/stdio.c                          0x00000000   Number         0  ferror.o ABSOLUTE
    ../clib/stdio.c                          0x00000000   Number         0  fputc.o ABSOLUTE
    ../clib/stdio.c                          0x00000000   Number         0  initio.o ABSOLUTE
    ../clib/stdio.c                          0x00000000   Number         0  fputc_locked.o ABSOLUTE
    ../clib/stdio.c                          0x00000000   Number         0  ferror_locked.o ABSOLUTE
    ../clib/stdio.c                          0x00000000   Number         0  initio_locked.o ABSOLUTE
    ../clib/stdio.c                          0x00000000   Number         0  fputs_locked.o ABSOLUTE
    ../clib/stdio.c                          0x00000000   Number         0  flsbuf.o ABSOLUTE
    ../clib/stdio.c                          0x00000000   Number         0  setvbuf.o ABSOLUTE
    ../clib/stdio.c                          0x00000000   Number         0  streamlock.o ABSOLUTE
    ../clib/stdio.c                          0x00000000   Number         0  fopen.o ABSOLUTE
    ../clib/stdio.c                          0x00000000   Number         0  fclose.o ABSOLUTE
    ../clib/stdio.c                          0x00000000   Number         0  setvbuf_locked.o ABSOLUTE
    ../clib/stdio.c                          0x00000000   Number         0  fopen_locked.o ABSOLUTE
    ../clib/stdio.c                          0x00000000   Number         0  fseek.o ABSOLUTE
    ../clib/stdio.c                          0x00000000   Number         0  stdio.o ABSOLUTE
    ../clib/stdio.c                          0x00000000   Number         0  fwritefast.o ABSOLUTE
    ../clib/stdio.c                          0x00000000   Number         0  fwritefast_locked.o ABSOLUTE
    ../clib/stdio.c                          0x00000000   Number         0  fflush.o ABSOLUTE
    ../clib/stdio.c                          0x00000000   Number         0  fputs.o ABSOLUTE
    ../clib/stdio.c                          0x00000000   Number         0  ftell.o ABSOLUTE
    ../clib/stdio.c                          0x00000000   Number         0  fflush_locked.o ABSOLUTE
    ../clib/stdlib.c                         0x00000000   Number         0  exit.o ABSOLUTE
    ../clib/string.c                         0x00000000   Number         0  strlen.o ABSOLUTE
    ../clib/wchar.c                          0x00000000   Number         0  flsbuf_fwide.o ABSOLUTE
    ../fplib/fpinit.s                        0x00000000   Number         0  fpinit.o ABSOLUTE
    FWLib\Source\core_cm3.c                  0x00000000   Number         0  core_cm3.o ABSOLUTE
    FWLib\Source\misc.c                      0x00000000   Number         0  misc.o ABSOLUTE
    FWLib\Source\stm32f10x_flash.c           0x00000000   Number         0  stm32f10x_flash.o ABSOLUTE
    FWLib\Source\stm32f10x_gpio.c            0x00000000   Number         0  stm32f10x_gpio.o ABSOLUTE
    FWLib\Source\stm32f10x_rcc.c             0x00000000   Number         0  stm32f10x_rcc.o ABSOLUTE
    FWLib\Source\system_stm32f10x.c          0x00000000   Number         0  system_stm32f10x.o ABSOLUTE
    FWLib\\Source\\core_cm3.c                0x00000000   Number         0  core_cm3.o ABSOLUTE
    FWLib\\Source\\misc.c                    0x00000000   Number         0  misc.o ABSOLUTE
    FWLib\\Source\\stm32f10x_flash.c         0x00000000   Number         0  stm32f10x_flash.o ABSOLUTE
    FWLib\\Source\\stm32f10x_gpio.c          0x00000000   Number         0  stm32f10x_gpio.o ABSOLUTE
    FWLib\\Source\\stm32f10x_rcc.c           0x00000000   Number         0  stm32f10x_rcc.o ABSOLUTE
    FWLib\\Source\\system_stm32f10x.c        0x00000000   Number         0  system_stm32f10x.o ABSOLUTE
    Main\\main.c                             0x00000000   Number         0  main.o ABSOLUTE
    Main\main.c                              0x00000000   Number         0  main.o ABSOLUTE
    ProjectLib\\source\\glcd_spi.c           0x00000000   Number         0  glcd_spi.o ABSOLUTE
    ProjectLib\source\glcd_spi.c             0x00000000   Number         0  glcd_spi.o ABSOLUTE
    StartUp\arm\startup_stm32f10x_md.s       0x00000000   Number         0  startup_stm32f10x_md.o ABSOLUTE
    UserSTM32F1\Source C\user_delay.c        0x00000000   Number         0  user_delay.o ABSOLUTE
    UserSTM32F1\Source C\user_gpio.c         0x00000000   Number         0  user_gpio.o ABSOLUTE
    UserSTM32F1\Source C\user_interrupt.c    0x00000000   Number         0  user_interrupt.o ABSOLUTE
    UserSTM32F1\Source C\user_system.c       0x00000000   Number         0  user_system.o ABSOLUTE
    UserSTM32F1\\Source C\\user_delay.c      0x00000000   Number         0  user_delay.o ABSOLUTE
    UserSTM32F1\\Source C\\user_gpio.c       0x00000000   Number         0  user_gpio.o ABSOLUTE
    UserSTM32F1\\Source C\\user_interrupt.c  0x00000000   Number         0  user_interrupt.o ABSOLUTE
    UserSTM32F1\\Source C\\user_system.c     0x00000000   Number         0  user_system.o ABSOLUTE
    dc.s                                     0x00000000   Number         0  dc.o ABSOLUTE
    RESET                                    0x08000000   Section      236  startup_stm32f10x_md.o(RESET)
    !!!main                                  0x080000ec   Section        8  __main.o(!!!main)
    !!!scatter                               0x080000f4   Section       52  __scatter.o(!!!scatter)
    !!handler_copy                           0x08000128   Section       26  __scatter_copy.o(!!handler_copy)
    !!handler_zi                             0x08000144   Section       28  __scatter_zi.o(!!handler_zi)
    .ARM.Collect$$libinit$$00000000          0x08000160   Section        2  libinit.o(.ARM.Collect$$libinit$$00000000)
    .ARM.Collect$$libinit$$00000002          0x08000162   Section        0  libinit2.o(.ARM.Collect$$libinit$$00000002)
    .ARM.Collect$$libinit$$00000004          0x08000162   Section        0  libinit2.o(.ARM.Collect$$libinit$$00000004)
    .ARM.Collect$$libinit$$00000005          0x08000162   Section        8  libinit2.o(.ARM.Collect$$libinit$$00000005)
    .ARM.Collect$$libinit$$0000000A          0x0800016a   Section        0  libinit2.o(.ARM.Collect$$libinit$$0000000A)
    .ARM.Collect$$libinit$$0000000C          0x0800016a   Section        0  libinit2.o(.ARM.Collect$$libinit$$0000000C)
    .ARM.Collect$$libinit$$0000000E          0x0800016a   Section        0  libinit2.o(.ARM.Collect$$libinit$$0000000E)
    .ARM.Collect$$libinit$$00000011          0x0800016a   Section        0  libinit2.o(.ARM.Collect$$libinit$$00000011)
    .ARM.Collect$$libinit$$00000013          0x0800016a   Section        0  libinit2.o(.ARM.Collect$$libinit$$00000013)
    .ARM.Collect$$libinit$$00000015          0x0800016a   Section        0  libinit2.o(.ARM.Collect$$libinit$$00000015)
    .ARM.Collect$$libinit$$00000017          0x0800016a   Section        0  libinit2.o(.ARM.Collect$$libinit$$00000017)
    .ARM.Collect$$libinit$$00000019          0x0800016a   Section        0  libinit2.o(.ARM.Collect$$libinit$$00000019)
    .ARM.Collect$$libinit$$0000001B          0x0800016a   Section        0  libinit2.o(.ARM.Collect$$libinit$$0000001B)
    .ARM.Collect$$libinit$$0000001D          0x0800016a   Section        0  libinit2.o(.ARM.Collect$$libinit$$0000001D)
    .ARM.Collect$$libinit$$0000001F          0x0800016a   Section        0  libinit2.o(.ARM.Collect$$libinit$$0000001F)
    .ARM.Collect$$libinit$$00000021          0x0800016a   Section        0  libinit2.o(.ARM.Collect$$libinit$$00000021)
    .ARM.Collect$$libinit$$00000023          0x0800016a   Section        0  libinit2.o(.ARM.Collect$$libinit$$00000023)
    .ARM.Collect$$libinit$$00000024          0x0800016a   Section        4  libinit2.o(.ARM.Collect$$libinit$$00000024)
    .ARM.Collect$$libinit$$00000025          0x0800016e   Section        0  libinit2.o(.ARM.Collect$$libinit$$00000025)
    .ARM.Collect$$libinit$$0000002C          0x0800016e   Section        0  libinit2.o(.ARM.Collect$$libinit$$0000002C)
    .ARM.Collect$$libinit$$0000002E          0x0800016e   Section        0  libinit2.o(.ARM.Collect$$libinit$$0000002E)
    .ARM.Collect$$libinit$$00000030          0x0800016e   Section        0  libinit2.o(.ARM.Collect$$libinit$$00000030)
    .ARM.Collect$$libinit$$00000032          0x0800016e   Section        0  libinit2.o(.ARM.Collect$$libinit$$00000032)
    .ARM.Collect$$libinit$$00000033          0x0800016e   Section        2  libinit2.o(.ARM.Collect$$libinit$$00000033)
    .ARM.Collect$$libshutdown$$00000000      0x08000170   Section        2  libshutdown.o(.ARM.Collect$$libshutdown$$00000000)
    .ARM.Collect$$libshutdown$$00000002      0x08000172   Section        4  libshutdown2.o(.ARM.Collect$$libshutdown$$00000002)
    .ARM.Collect$$libshutdown$$00000003      0x08000176   Section        0  libshutdown2.o(.ARM.Collect$$libshutdown$$00000003)
    .ARM.Collect$$libshutdown$$00000006      0x08000176   Section        0  libshutdown2.o(.ARM.Collect$$libshutdown$$00000006)
    .ARM.Collect$$libshutdown$$00000009      0x08000176   Section        0  libshutdown2.o(.ARM.Collect$$libshutdown$$00000009)
    .ARM.Collect$$libshutdown$$0000000B      0x08000176   Section        0  libshutdown2.o(.ARM.Collect$$libshutdown$$0000000B)
    .ARM.Collect$$libshutdown$$0000000E      0x08000176   Section        0  libshutdown2.o(.ARM.Collect$$libshutdown$$0000000E)
    .ARM.Collect$$libshutdown$$0000000F      0x08000176   Section        2  libshutdown2.o(.ARM.Collect$$libshutdown$$0000000F)
    .ARM.Collect$$rtentry$$00000000          0x08000178   Section        0  __rtentry.o(.ARM.Collect$$rtentry$$00000000)
    .ARM.Collect$$rtentry$$00000002          0x08000178   Section        0  __rtentry2.o(.ARM.Collect$$rtentry$$00000002)
    .ARM.Collect$$rtentry$$00000004          0x08000178   Section        6  __rtentry4.o(.ARM.Collect$$rtentry$$00000004)
    .ARM.Collect$$rtentry$$00000009          0x0800017e   Section        0  __rtentry2.o(.ARM.Collect$$rtentry$$00000009)
    .ARM.Collect$$rtentry$$0000000A          0x0800017e   Section        4  __rtentry2.o(.ARM.Collect$$rtentry$$0000000A)
    .ARM.Collect$$rtentry$$0000000C          0x08000182   Section        0  __rtentry2.o(.ARM.Collect$$rtentry$$0000000C)
    .ARM.Collect$$rtentry$$0000000D          0x08000182   Section        8  __rtentry2.o(.ARM.Collect$$rtentry$$0000000D)
    .ARM.Collect$$rtexit$$00000000           0x0800018a   Section        2  rtexit.o(.ARM.Collect$$rtexit$$00000000)
    .ARM.Collect$$rtexit$$00000002           0x0800018c   Section        0  rtexit2.o(.ARM.Collect$$rtexit$$00000002)
    .ARM.Collect$$rtexit$$00000003           0x0800018c   Section        4  rtexit2.o(.ARM.Collect$$rtexit$$00000003)
    .ARM.Collect$$rtexit$$00000004           0x08000190   Section        6  rtexit2.o(.ARM.Collect$$rtexit$$00000004)
    .emb_text                                0x08000198   Section        0  maybetermalloc1.o(.emb_text)
    .text                                    0x08000198   Section       64  startup_stm32f10x_md.o(.text)
    .text                                    0x080001d8   Section        0  noretval__2printf.o(.text)
    .text                                    0x080001f0   Section        0  heapauxi.o(.text)
    .text                                    0x080001f8   Section        0  _printf_char_file.o(.text)
    .text                                    0x0800021c   Section        0  _printf_char_common.o(.text)
    _printf_input_char                       0x0800021d   Thumb Code    10  _printf_char_common.o(.text)
    .text                                    0x0800024c   Section        0  ferror.o(.text)
    .text                                    0x08000254   Section        0  initio.o(.text)
    .text                                    0x0800038c   Section        0  sys_io.o(.text)
    .text                                    0x080003f2   Section       74  sys_stackheap_outer.o(.text)
    .text                                    0x0800043c   Section        0  h1_free.o(.text)
    .text                                    0x0800048a   Section        0  __printf_nopercent.o(.text)
    .text                                    0x080004b2   Section        0  flsbuf.o(.text)
    .text                                    0x08000688   Section        0  setvbuf.o(.text)
    .text                                    0x080006d0   Section        0  fopen.o(.text)
    _freopen_locked                          0x080006d1   Thumb Code     0  fopen.o(.text)
    .text                                    0x080007bc   Section        0  fclose.o(.text)
    .text                                    0x08000808   Section        0  exit.o(.text)
    .text                                    0x08000814   Section        0  defsig_rtred_outer.o(.text)
    .text                                    0x08000822   Section       78  rt_memclr_w.o(.text)
    .text                                    0x08000870   Section        8  libspace.o(.text)
    .text                                    0x08000878   Section        2  use_no_semi.o(.text)
    .text                                    0x0800087a   Section        0  indicate_semi.o(.text)
    .text                                    0x0800087c   Section        8  rt_heap_descriptor_intlibspace.o(.text)
    .text                                    0x08000884   Section        0  hguard.o(.text)
    .text                                    0x08000888   Section        0  init_alloc.o(.text)
    .text                                    0x08000912   Section        0  h1_alloc.o(.text)
    .text                                    0x08000970   Section        0  fseek.o(.text)
    .text                                    0x08000a68   Section        0  stdio.o(.text)
    .text                                    0x08000b58   Section        0  defsig_exit.o(.text)
    .text                                    0x08000b64   Section        0  defsig_rtred_inner.o(.text)
    .text                                    0x08000b98   Section        0  strlen.o(.text)
    .text                                    0x08000bd8   Section        0  sys_exit.o(.text)
    .text                                    0x08000be4   Section        0  h1_init.o(.text)
    .text                                    0x08000bf2   Section        0  h1_extend.o(.text)
    .text                                    0x08000c26   Section        0  ftell.o(.text)
    .text                                    0x08000c68   Section        0  defsig_general.o(.text)
    .text                                    0x08000c9a   Section        0  defsig_rtmem_outer.o(.text)
    .text                                    0x08000ca8   Section        0  sys_wrch.o(.text)
    .text                                    0x08000cb8   Section        8  rt_errno_addr_intlibspace.o(.text)
    .text                                    0x08000cc0   Section        0  defsig_rtmem_inner.o(.text)
    i.ADC1_2_IRQHandler                      0x08000d10   Section        0  user_interrupt.o(i.ADC1_2_IRQHandler)
    i.BusFault_Handler                       0x08000d12   Section        0  user_interrupt.o(i.BusFault_Handler)
    i.Config_System                          0x08000d16   Section        0  user_system.o(i.Config_System)
    i.DMA1_Channel2_IRQHandler               0x08000d72   Section        0  user_interrupt.o(i.DMA1_Channel2_IRQHandler)
    i.DMA1_Channel3_IRQHandler               0x08000d74   Section        0  user_interrupt.o(i.DMA1_Channel3_IRQHandler)
    i.DMA1_Channel4_IRQHandler               0x08000d76   Section        0  user_interrupt.o(i.DMA1_Channel4_IRQHandler)
    i.DMA1_Channel5_IRQHandler               0x08000d78   Section        0  user_interrupt.o(i.DMA1_Channel5_IRQHandler)
    i.DMA1_Channel6_IRQHandler               0x08000d7a   Section        0  user_interrupt.o(i.DMA1_Channel6_IRQHandler)
    i.DMA1_Channel7_IRQHandler               0x08000d7c   Section        0  user_interrupt.o(i.DMA1_Channel7_IRQHandler)
    i.DebugMon_Handler                       0x08000d7e   Section        0  user_interrupt.o(i.DebugMon_Handler)
    i.EXTI0_IRQHandler                       0x08000d80   Section        0  user_interrupt.o(i.EXTI0_IRQHandler)
    i.EXTI15_10_IRQHandler                   0x08000d82   Section        0  user_interrupt.o(i.EXTI15_10_IRQHandler)
    i.EXTI1_IRQHandler                       0x08000d84   Section        0  user_interrupt.o(i.EXTI1_IRQHandler)
    i.EXTI2_IRQHandler                       0x08000d86   Section        0  user_interrupt.o(i.EXTI2_IRQHandler)
    i.EXTI3_IRQHandler                       0x08000d88   Section        0  user_interrupt.o(i.EXTI3_IRQHandler)
    i.EXTI4_IRQHandler                       0x08000d8a   Section        0  user_interrupt.o(i.EXTI4_IRQHandler)
    i.EXTI9_5_IRQHandler                     0x08000d8c   Section        0  user_interrupt.o(i.EXTI9_5_IRQHandler)
    i.FLASH_IRQHandler                       0x08000d8e   Section        0  user_interrupt.o(i.FLASH_IRQHandler)
    i.FLASH_PrefetchBufferCmd                0x08000d90   Section        0  stm32f10x_flash.o(i.FLASH_PrefetchBufferCmd)
    i.FLASH_SetLatency                       0x08000dac   Section        0  stm32f10x_flash.o(i.FLASH_SetLatency)
    i.GPIO_Configuration                     0x08000dc4   Section        0  user_gpio.o(i.GPIO_Configuration)
    i.GPIO_Init                              0x08000e00   Section        0  stm32f10x_gpio.o(i.GPIO_Init)
    i.GPIO_PinRemapConfig                    0x08000f18   Section        0  stm32f10x_gpio.o(i.GPIO_PinRemapConfig)
    i.HardFault_Handler                      0x08000fa8   Section        0  user_interrupt.o(i.HardFault_Handler)
    i.I2C1_ER_IRQHandler                     0x08000fcc   Section        0  user_interrupt.o(i.I2C1_ER_IRQHandler)
    i.I2C1_EV_IRQHandler                     0x08000fce   Section        0  user_interrupt.o(i.I2C1_EV_IRQHandler)
    i.I2C2_ER_IRQHandler                     0x08000fd0   Section        0  user_interrupt.o(i.I2C2_ER_IRQHandler)
    i.I2C2_EV_IRQHandler                     0x08000fd2   Section        0  user_interrupt.o(i.I2C2_EV_IRQHandler)
    i.MemManage_Handler                      0x08000fd4   Section        0  user_interrupt.o(i.MemManage_Handler)
    i.NMI_Handler                            0x08000fd8   Section        0  user_interrupt.o(i.NMI_Handler)
    i.PVD_IRQHandler                         0x08000fda   Section        0  user_interrupt.o(i.PVD_IRQHandler)
    i.PendSV_Handler                         0x08000fdc   Section        0  user_interrupt.o(i.PendSV_Handler)
    i.RCC_APB2PeriphClockCmd                 0x08000fe0   Section        0  stm32f10x_rcc.o(i.RCC_APB2PeriphClockCmd)
    i.RCC_GetFlagStatus                      0x08001000   Section        0  stm32f10x_rcc.o(i.RCC_GetFlagStatus)
    i.RCC_GetSYSCLKSource                    0x0800103c   Section        0  stm32f10x_rcc.o(i.RCC_GetSYSCLKSource)
    i.RCC_HCLKConfig                         0x0800104c   Section        0  stm32f10x_rcc.o(i.RCC_HCLKConfig)
    i.RCC_HSICmd                             0x08001064   Section        0  stm32f10x_rcc.o(i.RCC_HSICmd)
    i.RCC_IRQHandler                         0x08001070   Section        0  user_interrupt.o(i.RCC_IRQHandler)
    i.RCC_PCLK1Config                        0x08001074   Section        0  stm32f10x_rcc.o(i.RCC_PCLK1Config)
    i.RCC_PCLK2Config                        0x0800108c   Section        0  stm32f10x_rcc.o(i.RCC_PCLK2Config)
    i.RCC_PLLCmd                             0x080010a4   Section        0  stm32f10x_rcc.o(i.RCC_PLLCmd)
    i.RCC_PLLConfig                          0x080010b0   Section        0  stm32f10x_rcc.o(i.RCC_PLLConfig)
    i.RCC_SYSCLKConfig                       0x080010cc   Section        0  stm32f10x_rcc.o(i.RCC_SYSCLKConfig)
    i.RTCAlarm_IRQHandler                    0x080010e4   Section        0  user_interrupt.o(i.RTCAlarm_IRQHandler)
    i.RTC_IRQHandler                         0x080010e6   Section        0  user_interrupt.o(i.RTC_IRQHandler)
    i.SPI1_IRQHandler                        0x080010e8   Section        0  user_interrupt.o(i.SPI1_IRQHandler)
    i.SPI2_IRQHandler                        0x080010ea   Section        0  user_interrupt.o(i.SPI2_IRQHandler)
    i.SVC_Handler                            0x080010ec   Section        0  user_interrupt.o(i.SVC_Handler)
    i.SetSysClock                            0x080010ee   Section        0  system_stm32f10x.o(i.SetSysClock)
    SetSysClock                              0x080010ef   Thumb Code     8  system_stm32f10x.o(i.SetSysClock)
    i.SetSysClockTo72                        0x080010f8   Section        0  system_stm32f10x.o(i.SetSysClockTo72)
    SetSysClockTo72                          0x080010f9   Thumb Code   214  system_stm32f10x.o(i.SetSysClockTo72)
    i.SysTick_Handler                        0x080011d8   Section        0  user_interrupt.o(i.SysTick_Handler)
    i.SystemInit                             0x080011dc   Section        0  system_stm32f10x.o(i.SystemInit)
    i.TAMPER_IRQHandler                      0x0800123c   Section        0  user_interrupt.o(i.TAMPER_IRQHandler)
    i.TIM1_BRK_IRQHandler                    0x0800123e   Section        0  user_interrupt.o(i.TIM1_BRK_IRQHandler)
    i.TIM1_CC_IRQHandler                     0x08001240   Section        0  user_interrupt.o(i.TIM1_CC_IRQHandler)
    i.TIM1_TRG_COM_IRQHandler                0x08001242   Section        0  user_interrupt.o(i.TIM1_TRG_COM_IRQHandler)
    i.TIM1_UP_IRQHandler                     0x08001244   Section        0  user_interrupt.o(i.TIM1_UP_IRQHandler)
    i.TIM2_IRQHandler                        0x08001246   Section        0  user_interrupt.o(i.TIM2_IRQHandler)
    i.TIM3_IRQHandler                        0x08001248   Section        0  user_interrupt.o(i.TIM3_IRQHandler)
    i.TIM4_IRQHandler                        0x0800124a   Section        0  user_interrupt.o(i.TIM4_IRQHandler)
    i.USBWakeUp_IRQHandler                   0x0800124c   Section        0  user_interrupt.o(i.USBWakeUp_IRQHandler)
    i.USB_LP_CAN1_RX0_IRQHandler             0x0800124e   Section        0  user_interrupt.o(i.USB_LP_CAN1_RX0_IRQHandler)
    i.UsageFault_Handler                     0x08001250   Section        0  user_interrupt.o(i.UsageFault_Handler)
    i.WWDG_IRQHandler                        0x08001254   Section        0  user_interrupt.o(i.WWDG_IRQHandler)
    i.__delay_ms                             0x08001258   Section        0  user_delay.o(i.__delay_ms)
    i.delay_init                             0x08001294   Section        0  user_delay.o(i.delay_init)
    i.delay_ms                               0x080012d4   Section        0  user_delay.o(i.delay_ms)
    i.delay_us                               0x080012ec   Section        0  user_delay.o(i.delay_us)
    i.fputc                                  0x08001328   Section        0  fputc.o(i.fputc)
    i.lcd_clear                              0x08001342   Section        0  glcd_spi.o(i.lcd_clear)
    i.lcd_gotoxy                             0x08001376   Section        0  glcd_spi.o(i.lcd_gotoxy)
    i.lcd_init                               0x080013ac   Section        0  glcd_spi.o(i.lcd_init)
    i.lcd_putchar                            0x080013d4   Section        0  glcd_spi.o(i.lcd_putchar)
    i.lcd_puts                               0x0800140c   Section        0  glcd_spi.o(i.lcd_puts)
    i.lcd_write                              0x08001424   Section        0  glcd_spi.o(i.lcd_write)
    i.main                                   0x080014a4   Section        0  main.o(i.main)
    .constdata                               0x080015b4   Section      576  glcd_spi.o(.constdata)
    .constdata                               0x080017f4   Section        4  sys_io.o(.constdata)
    .constdata                               0x080017f8   Section        4  sys_io.o(.constdata)
    .constdata                               0x080017fc   Section        4  sys_io.o(.constdata)
    .data                                    0x20000000   Section        4  user_delay.o(.data)
    fac_us                                   0x20000000   Data           1  user_delay.o(.data)
    fac_ms                                   0x20000002   Data           2  user_delay.o(.data)
    .data                                    0x20000004   Section        4  user_gpio.o(.data)
    .data                                    0x20000008   Section        4  stdio_streams.o(.data)
    .data                                    0x2000000c   Section        4  stdio_streams.o(.data)
    .data                                    0x20000010   Section        4  stdio_streams.o(.data)
    .bss                                     0x20000014   Section       84  stdio_streams.o(.bss)
    .bss                                     0x20000068   Section       84  stdio_streams.o(.bss)
    .bss                                     0x200000bc   Section       84  stdio_streams.o(.bss)
    .bss                                     0x20000110   Section       96  libspace.o(.bss)
    HEAP                                     0x20000170   Section     2048  startup_stm32f10x_md.o(HEAP)
    Heap_Mem                                 0x20000170   Data        2048  startup_stm32f10x_md.o(HEAP)
    STACK                                    0x20000970   Section     1024  startup_stm32f10x_md.o(STACK)
    Stack_Mem                                0x20000970   Data        1024  startup_stm32f10x_md.o(STACK)
    __initial_sp                             0x20000d70   Data           0  startup_stm32f10x_md.o(STACK)

    Global Symbols

    Symbol Name                              Value     Ov Type        Size  Object(Section)

    BuildAttributes$$THM_ISAv4$P$D$K$B$S$PE$A:L22UL41UL21$X:L11$S22US41US21$IEEE1$IW$USESV6$~STKCKD$USESV7$~SHL$OTIME$ROPI$EBA8$UX$STANDARDLIB$REQ8$PRES8$EABIv2 0x00000000   Number         0  anon$$obj.o ABSOLUTE
    __ARM_use_no_argv                        0x00000000   Number         0  main.o ABSOLUTE
    __ARM_exceptions_init                     - Undefined Weak Reference
    __alloca_initialize                       - Undefined Weak Reference
    __arm_preinit_                            - Undefined Weak Reference
    __cpp_initialize__aeabi_                  - Undefined Weak Reference
    __cxa_finalize                            - Undefined Weak Reference
    __rt_locale                               - Undefined Weak Reference
    __sigvec_lookup                           - Undefined Weak Reference
    __user_heap_extent                        - Undefined Weak Reference
    _atexit_init                              - Undefined Weak Reference
    _call_atexit_fns                          - Undefined Weak Reference
    _clock_init                               - Undefined Weak Reference
    _fp_trap_init                             - Undefined Weak Reference
    _fp_trap_shutdown                         - Undefined Weak Reference
    _get_lc_collate                           - Undefined Weak Reference
    _get_lc_ctype                             - Undefined Weak Reference
    _get_lc_monetary                          - Undefined Weak Reference
    _get_lc_numeric                           - Undefined Weak Reference
    _get_lc_time                              - Undefined Weak Reference
    _getenv_init                              - Undefined Weak Reference
    _handle_redirection                       - Undefined Weak Reference
    _mutex_acquire                            - Undefined Weak Reference
    _mutex_free                               - Undefined Weak Reference
    _mutex_release                            - Undefined Weak Reference
    _rand_init                                - Undefined Weak Reference
    _signal_finish                            - Undefined Weak Reference
    _signal_init                              - Undefined Weak Reference
    __Vectors_Size                           0x000000ec   Number         0  startup_stm32f10x_md.o ABSOLUTE
    __Vectors                                0x08000000   Data           4  startup_stm32f10x_md.o(RESET)
    __Vectors_End                            0x080000ec   Data           0  startup_stm32f10x_md.o(RESET)
    __main                                   0x080000ed   Thumb Code     8  __main.o(!!!main)
    __scatterload                            0x080000f5   Thumb Code     0  __scatter.o(!!!scatter)
    __scatterload_rt2                        0x080000f5   Thumb Code    44  __scatter.o(!!!scatter)
    __scatterload_rt2_thumb_only             0x080000f5   Thumb Code     0  __scatter.o(!!!scatter)
    __scatterload_null                       0x08000103   Thumb Code     0  __scatter.o(!!!scatter)
    __scatterload_copy                       0x08000129   Thumb Code    26  __scatter_copy.o(!!handler_copy)
    __scatterload_zeroinit                   0x08000145   Thumb Code    28  __scatter_zi.o(!!handler_zi)
    __rt_lib_init                            0x08000161   Thumb Code     0  libinit.o(.ARM.Collect$$libinit$$00000000)
    __rt_lib_init_fp_1                       0x08000163   Thumb Code     0  libinit2.o(.ARM.Collect$$libinit$$00000002)
    __rt_lib_init_heap_2                     0x08000163   Thumb Code     0  libinit2.o(.ARM.Collect$$libinit$$00000005)
    __rt_lib_init_preinit_1                  0x08000163   Thumb Code     0  libinit2.o(.ARM.Collect$$libinit$$00000004)
    __rt_lib_init_atexit_1                   0x0800016b   Thumb Code     0  libinit2.o(.ARM.Collect$$libinit$$0000001B)
    __rt_lib_init_clock_1                    0x0800016b   Thumb Code     0  libinit2.o(.ARM.Collect$$libinit$$00000021)
    __rt_lib_init_fp_trap_1                  0x0800016b   Thumb Code     0  libinit2.o(.ARM.Collect$$libinit$$0000001F)
    __rt_lib_init_getenv_1                   0x0800016b   Thumb Code     0  libinit2.o(.ARM.Collect$$libinit$$00000023)
    __rt_lib_init_heap_1                     0x0800016b   Thumb Code     0  libinit2.o(.ARM.Collect$$libinit$$0000000A)
    __rt_lib_init_lc_collate_1               0x0800016b   Thumb Code     0  libinit2.o(.ARM.Collect$$libinit$$00000011)
    __rt_lib_init_lc_ctype_1                 0x0800016b   Thumb Code     0  libinit2.o(.ARM.Collect$$libinit$$00000013)
    __rt_lib_init_lc_monetary_1              0x0800016b   Thumb Code     0  libinit2.o(.ARM.Collect$$libinit$$00000015)
    __rt_lib_init_lc_numeric_1               0x0800016b   Thumb Code     0  libinit2.o(.ARM.Collect$$libinit$$00000017)
    __rt_lib_init_lc_time_1                  0x0800016b   Thumb Code     0  libinit2.o(.ARM.Collect$$libinit$$00000019)
    __rt_lib_init_rand_1                     0x0800016b   Thumb Code     0  libinit2.o(.ARM.Collect$$libinit$$0000000E)
    __rt_lib_init_signal_1                   0x0800016b   Thumb Code     0  libinit2.o(.ARM.Collect$$libinit$$0000001D)
    __rt_lib_init_stdio_2                    0x0800016b   Thumb Code     0  libinit2.o(.ARM.Collect$$libinit$$00000024)
    __rt_lib_init_user_alloc_1               0x0800016b   Thumb Code     0  libinit2.o(.ARM.Collect$$libinit$$0000000C)
    __rt_lib_init_alloca_1                   0x0800016f   Thumb Code     0  libinit2.o(.ARM.Collect$$libinit$$0000002E)
    __rt_lib_init_argv_1                     0x0800016f   Thumb Code     0  libinit2.o(.ARM.Collect$$libinit$$0000002C)
    __rt_lib_init_cpp_1                      0x0800016f   Thumb Code     0  libinit2.o(.ARM.Collect$$libinit$$00000032)
    __rt_lib_init_exceptions_1               0x0800016f   Thumb Code     0  libinit2.o(.ARM.Collect$$libinit$$00000030)
    __rt_lib_init_return                     0x0800016f   Thumb Code     0  libinit2.o(.ARM.Collect$$libinit$$00000033)
    __rt_lib_init_stdio_1                    0x0800016f   Thumb Code     0  libinit2.o(.ARM.Collect$$libinit$$00000025)
    __rt_lib_shutdown                        0x08000171   Thumb Code     0  libshutdown.o(.ARM.Collect$$libshutdown$$00000000)
    __rt_lib_shutdown_stdio_2                0x08000173   Thumb Code     0  libshutdown2.o(.ARM.Collect$$libshutdown$$00000002)
    __rt_lib_shutdown_fp_trap_1              0x08000177   Thumb Code     0  libshutdown2.o(.ARM.Collect$$libshutdown$$00000006)
    __rt_lib_shutdown_heap_1                 0x08000177   Thumb Code     0  libshutdown2.o(.ARM.Collect$$libshutdown$$0000000E)
    __rt_lib_shutdown_return                 0x08000177   Thumb Code     0  libshutdown2.o(.ARM.Collect$$libshutdown$$0000000F)
    __rt_lib_shutdown_signal_1               0x08000177   Thumb Code     0  libshutdown2.o(.ARM.Collect$$libshutdown$$00000009)
    __rt_lib_shutdown_stdio_1                0x08000177   Thumb Code     0  libshutdown2.o(.ARM.Collect$$libshutdown$$00000003)
    __rt_lib_shutdown_user_alloc_1           0x08000177   Thumb Code     0  libshutdown2.o(.ARM.Collect$$libshutdown$$0000000B)
    __rt_entry                               0x08000179   Thumb Code     0  __rtentry.o(.ARM.Collect$$rtentry$$00000000)
    __rt_entry_presh_1                       0x08000179   Thumb Code     0  __rtentry2.o(.ARM.Collect$$rtentry$$00000002)
    __rt_entry_sh                            0x08000179   Thumb Code     0  __rtentry4.o(.ARM.Collect$$rtentry$$00000004)
    __rt_entry_li                            0x0800017f   Thumb Code     0  __rtentry2.o(.ARM.Collect$$rtentry$$0000000A)
    __rt_entry_postsh_1                      0x0800017f   Thumb Code     0  __rtentry2.o(.ARM.Collect$$rtentry$$00000009)
    __rt_entry_main                          0x08000183   Thumb Code     0  __rtentry2.o(.ARM.Collect$$rtentry$$0000000D)
    __rt_entry_postli_1                      0x08000183   Thumb Code     0  __rtentry2.o(.ARM.Collect$$rtentry$$0000000C)
    __rt_exit                                0x0800018b   Thumb Code     0  rtexit.o(.ARM.Collect$$rtexit$$00000000)
    __rt_exit_ls                             0x0800018d   Thumb Code     0  rtexit2.o(.ARM.Collect$$rtexit$$00000003)
    __rt_exit_prels_1                        0x0800018d   Thumb Code     0  rtexit2.o(.ARM.Collect$$rtexit$$00000002)
    __rt_exit_exit                           0x08000191   Thumb Code     0  rtexit2.o(.ARM.Collect$$rtexit$$00000004)
    Reset_Handler                            0x08000199   Thumb Code     8  startup_stm32f10x_md.o(.text)
    _maybe_terminate_alloc                   0x08000199   Thumb Code     0  maybetermalloc1.o(.emb_text)
    CAN1_RX1_IRQHandler                      0x080001b3   Thumb Code     0  startup_stm32f10x_md.o(.text)
    CAN1_SCE_IRQHandler                      0x080001b3   Thumb Code     0  startup_stm32f10x_md.o(.text)
    DMA1_Channel1_IRQHandler                 0x080001b3   Thumb Code     0  startup_stm32f10x_md.o(.text)
    USART1_IRQHandler                        0x080001b3   Thumb Code     0  startup_stm32f10x_md.o(.text)
    USART2_IRQHandler                        0x080001b3   Thumb Code     0  startup_stm32f10x_md.o(.text)
    USART3_IRQHandler                        0x080001b3   Thumb Code     0  startup_stm32f10x_md.o(.text)
    USB_HP_CAN1_TX_IRQHandler                0x080001b3   Thumb Code     0  startup_stm32f10x_md.o(.text)
    __user_initial_stackheap                 0x080001b5   Thumb Code     0  startup_stm32f10x_md.o(.text)
    __2printf                                0x080001d9   Thumb Code    20  noretval__2printf.o(.text)
    __use_two_region_memory                  0x080001f1   Thumb Code     2  heapauxi.o(.text)
    __rt_heap_escrow                         0x080001f3   Thumb Code     2  heapauxi.o(.text)
    __rt_heap_expand                         0x080001f5   Thumb Code     2  heapauxi.o(.text)
    _printf_char_file                        0x080001f9   Thumb Code    32  _printf_char_file.o(.text)
    _printf_char_common                      0x08000227   Thumb Code    32  _printf_char_common.o(.text)
    ferror                                   0x0800024d   Thumb Code     8  ferror.o(.text)
    _initio                                  0x08000255   Thumb Code   210  initio.o(.text)
    _terminateio                             0x08000327   Thumb Code    56  initio.o(.text)
    _sys_open                                0x0800038d   Thumb Code    20  sys_io.o(.text)
    _sys_close                               0x080003a1   Thumb Code    12  sys_io.o(.text)
    _sys_write                               0x080003ad   Thumb Code    16  sys_io.o(.text)
    _sys_read                                0x080003bd   Thumb Code    14  sys_io.o(.text)
    _sys_istty                               0x080003cb   Thumb Code    12  sys_io.o(.text)
    _sys_seek                                0x080003d7   Thumb Code    14  sys_io.o(.text)
    _sys_ensure                              0x080003e5   Thumb Code     2  sys_io.o(.text)
    _sys_flen                                0x080003e7   Thumb Code    12  sys_io.o(.text)
    __user_setup_stackheap                   0x080003f3   Thumb Code    74  sys_stackheap_outer.o(.text)
    free                                     0x0800043d   Thumb Code    78  h1_free.o(.text)
    __printf                                 0x0800048b   Thumb Code    40  __printf_nopercent.o(.text)
    __flsbuf                                 0x080004b3   Thumb Code   470  flsbuf.o(.text)
    __flsbuf_byte                            0x080004b3   Thumb Code     0  flsbuf.o(.text)
    __flsbuf_wide                            0x080004b3   Thumb Code     0  flsbuf.o(.text)
    setvbuf                                  0x08000689   Thumb Code    70  setvbuf.o(.text)
    freopen                                  0x080006d1   Thumb Code   158  fopen.o(.text)
    fopen                                    0x0800076f   Thumb Code    74  fopen.o(.text)
    _fclose_internal                         0x080007bd   Thumb Code    76  fclose.o(.text)
    fclose                                   0x080007bd   Thumb Code     0  fclose.o(.text)
    exit                                     0x08000809   Thumb Code    12  exit.o(.text)
    __rt_SIGRTRED                            0x08000815   Thumb Code    14  defsig_rtred_outer.o(.text)
    __aeabi_memclr4                          0x08000823   Thumb Code     0  rt_memclr_w.o(.text)
    __aeabi_memclr8                          0x08000823   Thumb Code     0  rt_memclr_w.o(.text)
    __rt_memclr_w                            0x08000823   Thumb Code    78  rt_memclr_w.o(.text)
    _memset_w                                0x08000827   Thumb Code     0  rt_memclr_w.o(.text)
    __user_libspace                          0x08000871   Thumb Code     8  libspace.o(.text)
    __user_perproc_libspace                  0x08000871   Thumb Code     0  libspace.o(.text)
    __user_perthread_libspace                0x08000871   Thumb Code     0  libspace.o(.text)
    __I$use$semihosting                      0x08000879   Thumb Code     0  use_no_semi.o(.text)
    __use_no_semihosting_swi                 0x08000879   Thumb Code     2  use_no_semi.o(.text)
    __semihosting_library_function           0x0800087b   Thumb Code     0  indicate_semi.o(.text)
    __rt_heap_descriptor                     0x0800087d   Thumb Code     8  rt_heap_descriptor_intlibspace.o(.text)
    __use_no_heap                            0x08000885   Thumb Code     2  hguard.o(.text)
    __heap$guard                             0x08000887   Thumb Code     2  hguard.o(.text)
    _terminate_user_alloc                    0x08000889   Thumb Code     2  init_alloc.o(.text)
    _init_user_alloc                         0x0800088b   Thumb Code     2  init_alloc.o(.text)
    __Heap_Full                              0x0800088d   Thumb Code    34  init_alloc.o(.text)
    __Heap_Broken                            0x080008af   Thumb Code     6  init_alloc.o(.text)
    _init_alloc                              0x080008b5   Thumb Code    94  init_alloc.o(.text)
    malloc                                   0x08000913   Thumb Code    94  h1_alloc.o(.text)
    _fseek                                   0x08000971   Thumb Code   242  fseek.o(.text)
    fseek                                    0x08000971   Thumb Code     0  fseek.o(.text)
    _seterr                                  0x08000a69   Thumb Code    20  stdio.o(.text)
    _writebuf                                0x08000a7d   Thumb Code    84  stdio.o(.text)
    _fflush                                  0x08000ad1   Thumb Code    70  stdio.o(.text)
    _deferredlazyseek                        0x08000b17   Thumb Code    60  stdio.o(.text)
    __sig_exit                               0x08000b59   Thumb Code    10  defsig_exit.o(.text)
    __rt_SIGRTRED_inner                      0x08000b65   Thumb Code    14  defsig_rtred_inner.o(.text)
    strlen                                   0x08000b99   Thumb Code    62  strlen.o(.text)
    _sys_exit                                0x08000bd9   Thumb Code     8  sys_exit.o(.text)
    __Heap_Initialize                        0x08000be5   Thumb Code    10  h1_init.o(.text)
    __Heap_DescSize                          0x08000bef   Thumb Code     4  h1_init.o(.text)
    __Heap_ProvideMemory                     0x08000bf3   Thumb Code    52  h1_extend.o(.text)
    _ftell_internal                          0x08000c27   Thumb Code    66  ftell.o(.text)
    ftell                                    0x08000c27   Thumb Code     0  ftell.o(.text)
    __default_signal_display                 0x08000c69   Thumb Code    50  defsig_general.o(.text)
    __rt_SIGRTMEM                            0x08000c9b   Thumb Code    14  defsig_rtmem_outer.o(.text)
    _ttywrch                                 0x08000ca9   Thumb Code    14  sys_wrch.o(.text)
    __aeabi_errno_addr                       0x08000cb9   Thumb Code     8  rt_errno_addr_intlibspace.o(.text)
    __errno$intlibspace                      0x08000cb9   Thumb Code     0  rt_errno_addr_intlibspace.o(.text)
    __rt_errno_addr$intlibspace              0x08000cb9   Thumb Code     0  rt_errno_addr_intlibspace.o(.text)
    __rt_SIGRTMEM_inner                      0x08000cc1   Thumb Code    22  defsig_rtmem_inner.o(.text)
    ADC1_2_IRQHandler                        0x08000d11   Thumb Code     2  user_interrupt.o(i.ADC1_2_IRQHandler)
    BusFault_Handler                         0x08000d13   Thumb Code     4  user_interrupt.o(i.BusFault_Handler)
    Config_System                            0x08000d17   Thumb Code    92  user_system.o(i.Config_System)
    DMA1_Channel2_IRQHandler                 0x08000d73   Thumb Code     2  user_interrupt.o(i.DMA1_Channel2_IRQHandler)
    DMA1_Channel3_IRQHandler                 0x08000d75   Thumb Code     2  user_interrupt.o(i.DMA1_Channel3_IRQHandler)
    DMA1_Channel4_IRQHandler                 0x08000d77   Thumb Code     2  user_interrupt.o(i.DMA1_Channel4_IRQHandler)
    DMA1_Channel5_IRQHandler                 0x08000d79   Thumb Code     2  user_interrupt.o(i.DMA1_Channel5_IRQHandler)
    DMA1_Channel6_IRQHandler                 0x08000d7b   Thumb Code     2  user_interrupt.o(i.DMA1_Channel6_IRQHandler)
    DMA1_Channel7_IRQHandler                 0x08000d7d   Thumb Code     2  user_interrupt.o(i.DMA1_Channel7_IRQHandler)
    DebugMon_Handler                         0x08000d7f   Thumb Code     2  user_interrupt.o(i.DebugMon_Handler)
    EXTI0_IRQHandler                         0x08000d81   Thumb Code     2  user_interrupt.o(i.EXTI0_IRQHandler)
    EXTI15_10_IRQHandler                     0x08000d83   Thumb Code     2  user_interrupt.o(i.EXTI15_10_IRQHandler)
    EXTI1_IRQHandler                         0x08000d85   Thumb Code     2  user_interrupt.o(i.EXTI1_IRQHandler)
    EXTI2_IRQHandler                         0x08000d87   Thumb Code     2  user_interrupt.o(i.EXTI2_IRQHandler)
    EXTI3_IRQHandler                         0x08000d89   Thumb Code     2  user_interrupt.o(i.EXTI3_IRQHandler)
    EXTI4_IRQHandler                         0x08000d8b   Thumb Code     2  user_interrupt.o(i.EXTI4_IRQHandler)
    EXTI9_5_IRQHandler                       0x08000d8d   Thumb Code     2  user_interrupt.o(i.EXTI9_5_IRQHandler)
    FLASH_IRQHandler                         0x08000d8f   Thumb Code     2  user_interrupt.o(i.FLASH_IRQHandler)
    FLASH_PrefetchBufferCmd                  0x08000d91   Thumb Code    22  stm32f10x_flash.o(i.FLASH_PrefetchBufferCmd)
    FLASH_SetLatency                         0x08000dad   Thumb Code    18  stm32f10x_flash.o(i.FLASH_SetLatency)
    GPIO_Configuration                       0x08000dc5   Thumb Code    48  user_gpio.o(i.GPIO_Configuration)
    GPIO_Init                                0x08000e01   Thumb Code   278  stm32f10x_gpio.o(i.GPIO_Init)
    GPIO_PinRemapConfig                      0x08000f19   Thumb Code   138  stm32f10x_gpio.o(i.GPIO_PinRemapConfig)
    HardFault_Handler                        0x08000fa9   Thumb Code    10  user_interrupt.o(i.HardFault_Handler)
    I2C1_ER_IRQHandler                       0x08000fcd   Thumb Code     2  user_interrupt.o(i.I2C1_ER_IRQHandler)
    I2C1_EV_IRQHandler                       0x08000fcf   Thumb Code     2  user_interrupt.o(i.I2C1_EV_IRQHandler)
    I2C2_ER_IRQHandler                       0x08000fd1   Thumb Code     2  user_interrupt.o(i.I2C2_ER_IRQHandler)
    I2C2_EV_IRQHandler                       0x08000fd3   Thumb Code     2  user_interrupt.o(i.I2C2_EV_IRQHandler)
    MemManage_Handler                        0x08000fd5   Thumb Code     4  user_interrupt.o(i.MemManage_Handler)
    NMI_Handler                              0x08000fd9   Thumb Code     2  user_interrupt.o(i.NMI_Handler)
    PVD_IRQHandler                           0x08000fdb   Thumb Code     2  user_interrupt.o(i.PVD_IRQHandler)
    PendSV_Handler                           0x08000fdd   Thumb Code     2  user_interrupt.o(i.PendSV_Handler)
    RCC_APB2PeriphClockCmd                   0x08000fe1   Thumb Code    26  stm32f10x_rcc.o(i.RCC_APB2PeriphClockCmd)
    RCC_GetFlagStatus                        0x08001001   Thumb Code    56  stm32f10x_rcc.o(i.RCC_GetFlagStatus)
    RCC_GetSYSCLKSource                      0x0800103d   Thumb Code    10  stm32f10x_rcc.o(i.RCC_GetSYSCLKSource)
    RCC_HCLKConfig                           0x0800104d   Thumb Code    18  stm32f10x_rcc.o(i.RCC_HCLKConfig)
    RCC_HSICmd                               0x08001065   Thumb Code     6  stm32f10x_rcc.o(i.RCC_HSICmd)
    RCC_IRQHandler                           0x08001071   Thumb Code     2  user_interrupt.o(i.RCC_IRQHandler)
    RCC_PCLK1Config                          0x08001075   Thumb Code    18  stm32f10x_rcc.o(i.RCC_PCLK1Config)
    RCC_PCLK2Config                          0x0800108d   Thumb Code    20  stm32f10x_rcc.o(i.RCC_PCLK2Config)
    RCC_PLLCmd                               0x080010a5   Thumb Code     6  stm32f10x_rcc.o(i.RCC_PLLCmd)
    RCC_PLLConfig                            0x080010b1   Thumb Code    24  stm32f10x_rcc.o(i.RCC_PLLConfig)
    RCC_SYSCLKConfig                         0x080010cd   Thumb Code    18  stm32f10x_rcc.o(i.RCC_SYSCLKConfig)
    RTCAlarm_IRQHandler                      0x080010e5   Thumb Code     2  user_interrupt.o(i.RTCAlarm_IRQHandler)
    RTC_IRQHandler                           0x080010e7   Thumb Code     2  user_interrupt.o(i.RTC_IRQHandler)
    SPI1_IRQHandler                          0x080010e9   Thumb Code     2  user_interrupt.o(i.SPI1_IRQHandler)
    SPI2_IRQHandler                          0x080010eb   Thumb Code     2  user_interrupt.o(i.SPI2_IRQHandler)
    SVC_Handler                              0x080010ed   Thumb Code     2  user_interrupt.o(i.SVC_Handler)
    SysTick_Handler                          0x080011d9   Thumb Code     2  user_interrupt.o(i.SysTick_Handler)
    SystemInit                               0x080011dd   Thumb Code    78  system_stm32f10x.o(i.SystemInit)
    TAMPER_IRQHandler                        0x0800123d   Thumb Code     2  user_interrupt.o(i.TAMPER_IRQHandler)
    TIM1_BRK_IRQHandler                      0x0800123f   Thumb Code     2  user_interrupt.o(i.TIM1_BRK_IRQHandler)
    TIM1_CC_IRQHandler                       0x08001241   Thumb Code     2  user_interrupt.o(i.TIM1_CC_IRQHandler)
    TIM1_TRG_COM_IRQHandler                  0x08001243   Thumb Code     2  user_interrupt.o(i.TIM1_TRG_COM_IRQHandler)
    TIM1_UP_IRQHandler                       0x08001245   Thumb Code     2  user_interrupt.o(i.TIM1_UP_IRQHandler)
    TIM2_IRQHandler                          0x08001247   Thumb Code     2  user_interrupt.o(i.TIM2_IRQHandler)
    TIM3_IRQHandler                          0x08001249   Thumb Code     2  user_interrupt.o(i.TIM3_IRQHandler)
    TIM4_IRQHandler                          0x0800124b   Thumb Code     2  user_interrupt.o(i.TIM4_IRQHandler)
    USBWakeUp_IRQHandler                     0x0800124d   Thumb Code     2  user_interrupt.o(i.USBWakeUp_IRQHandler)
    USB_LP_CAN1_RX0_IRQHandler               0x0800124f   Thumb Code     2  user_interrupt.o(i.USB_LP_CAN1_RX0_IRQHandler)
    UsageFault_Handler                       0x08001251   Thumb Code     4  user_interrupt.o(i.UsageFault_Handler)
    WWDG_IRQHandler                          0x08001255   Thumb Code     2  user_interrupt.o(i.WWDG_IRQHandler)
    __delay_ms                               0x08001259   Thumb Code    56  user_delay.o(i.__delay_ms)
    delay_init                               0x08001295   Thumb Code    56  user_delay.o(i.delay_init)
    delay_ms                                 0x080012d5   Thumb Code    24  user_delay.o(i.delay_ms)
    delay_us                                 0x080012ed   Thumb Code    56  user_delay.o(i.delay_us)
    fputc                                    0x08001329   Thumb Code    26  fputc.o(i.fputc)
    lcd_clear                                0x08001343   Thumb Code    52  glcd_spi.o(i.lcd_clear)
    lcd_gotoxy                               0x08001377   Thumb Code    54  glcd_spi.o(i.lcd_gotoxy)
    lcd_init                                 0x080013ad   Thumb Code    38  glcd_spi.o(i.lcd_init)
    lcd_putchar                              0x080013d5   Thumb Code    50  glcd_spi.o(i.lcd_putchar)
    lcd_puts                                 0x0800140d   Thumb Code    22  glcd_spi.o(i.lcd_puts)
    lcd_write                                0x08001425   Thumb Code   120  glcd_spi.o(i.lcd_write)
    main                                     0x080014a5   Thumb Code   210  main.o(i.main)
    font                                     0x080015b4   Data         576  glcd_spi.o(.constdata)
    __stdin_name                             0x080017f4   Data           4  sys_io.o(.constdata)
    __stdout_name                            0x080017f8   Data           4  sys_io.o(.constdata)
    __stderr_name                            0x080017fc   Data           4  sys_io.o(.constdata)
    Region$$Table$$Base                      0x08001800   Number         0  anon$$obj.o(Region$$Table)
    Region$$Table$$Limit                     0x08001820   Number         0  anon$$obj.o(Region$$Table)
    GPIO_InitStructure                       0x20000004   Data           4  user_gpio.o(.data)
    __aeabi_stdin                            0x20000008   Data           4  stdio_streams.o(.data)
    __aeabi_stdout                           0x2000000c   Data           4  stdio_streams.o(.data)
    __aeabi_stderr                           0x20000010   Data           4  stdio_streams.o(.data)
    __stdin                                  0x20000014   Data          84  stdio_streams.o(.bss)
    __stdout                                 0x20000068   Data          84  stdio_streams.o(.bss)
    __stderr                                 0x200000bc   Data          84  stdio_streams.o(.bss)
    __libspace_start                         0x20000110   Data          96  libspace.o(.bss)
    __temporary_stack_top$libspace           0x20000170   Data           0  libspace.o(.bss)



==============================================================================

Memory Map of the image

  Image Entry point : 0x080000ed

  Load Region LR_IROM1 (Base: 0x08000000, Size: 0x00001834, Max: 0x00010000, ABSOLUTE)

    Execution Region ER_IROM1 (Base: 0x08000000, Size: 0x00001820, Max: 0x00010000, ABSOLUTE)

    Base Addr    Size         Type   Attr      Idx    E Section Name        Object

    0x08000000   0x000000ec   Data   RO         1301    RESET               startup_stm32f10x_md.o
    0x080000ec   0x00000008   Code   RO         1314  * !!!main             c_w.l(__main.o)
    0x080000f4   0x00000034   Code   RO         1661    !!!scatter          c_w.l(__scatter.o)
    0x08000128   0x0000001a   Code   RO         1663    !!handler_copy      c_w.l(__scatter_copy.o)
    0x08000142   0x00000002   PAD
    0x08000144   0x0000001c   Code   RO         1665    !!handler_zi        c_w.l(__scatter_zi.o)
    0x08000160   0x00000002   Code   RO         1449    .ARM.Collect$$libinit$$00000000  c_w.l(libinit.o)
    0x08000162   0x00000000   Code   RO         1451    .ARM.Collect$$libinit$$00000002  c_w.l(libinit2.o)
    0x08000162   0x00000000   Code   RO         1453    .ARM.Collect$$libinit$$00000004  c_w.l(libinit2.o)
    0x08000162   0x00000008   Code   RO         1454    .ARM.Collect$$libinit$$00000005  c_w.l(libinit2.o)
    0x0800016a   0x00000000   Code   RO         1456    .ARM.Collect$$libinit$$0000000A  c_w.l(libinit2.o)
    0x0800016a   0x00000000   Code   RO         1458    .ARM.Collect$$libinit$$0000000C  c_w.l(libinit2.o)
    0x0800016a   0x00000000   Code   RO         1460    .ARM.Collect$$libinit$$0000000E  c_w.l(libinit2.o)
    0x0800016a   0x00000000   Code   RO         1463    .ARM.Collect$$libinit$$00000011  c_w.l(libinit2.o)
    0x0800016a   0x00000000   Code   RO         1465    .ARM.Collect$$libinit$$00000013  c_w.l(libinit2.o)
    0x0800016a   0x00000000   Code   RO         1467    .ARM.Collect$$libinit$$00000015  c_w.l(libinit2.o)
    0x0800016a   0x00000000   Code   RO         1469    .ARM.Collect$$libinit$$00000017  c_w.l(libinit2.o)
    0x0800016a   0x00000000   Code   RO         1471    .ARM.Collect$$libinit$$00000019  c_w.l(libinit2.o)
    0x0800016a   0x00000000   Code   RO         1473    .ARM.Collect$$libinit$$0000001B  c_w.l(libinit2.o)
    0x0800016a   0x00000000   Code   RO         1475    .ARM.Collect$$libinit$$0000001D  c_w.l(libinit2.o)
    0x0800016a   0x00000000   Code   RO         1477    .ARM.Collect$$libinit$$0000001F  c_w.l(libinit2.o)
    0x0800016a   0x00000000   Code   RO         1479    .ARM.Collect$$libinit$$00000021  c_w.l(libinit2.o)
    0x0800016a   0x00000000   Code   RO         1481    .ARM.Collect$$libinit$$00000023  c_w.l(libinit2.o)
    0x0800016a   0x00000004   Code   RO         1482    .ARM.Collect$$libinit$$00000024  c_w.l(libinit2.o)
    0x0800016e   0x00000000   Code   RO         1483    .ARM.Collect$$libinit$$00000025  c_w.l(libinit2.o)
    0x0800016e   0x00000000   Code   RO         1487    .ARM.Collect$$libinit$$0000002C  c_w.l(libinit2.o)
    0x0800016e   0x00000000   Code   RO         1489    .ARM.Collect$$libinit$$0000002E  c_w.l(libinit2.o)
    0x0800016e   0x00000000   Code   RO         1491    .ARM.Collect$$libinit$$00000030  c_w.l(libinit2.o)
    0x0800016e   0x00000000   Code   RO         1493    .ARM.Collect$$libinit$$00000032  c_w.l(libinit2.o)
    0x0800016e   0x00000002   Code   RO         1494    .ARM.Collect$$libinit$$00000033  c_w.l(libinit2.o)
    0x08000170   0x00000002   Code   RO         1640    .ARM.Collect$$libshutdown$$00000000  c_w.l(libshutdown.o)
    0x08000172   0x00000004   Code   RO         1496    .ARM.Collect$$libshutdown$$00000002  c_w.l(libshutdown2.o)
    0x08000176   0x00000000   Code   RO         1497    .ARM.Collect$$libshutdown$$00000003  c_w.l(libshutdown2.o)
    0x08000176   0x00000000   Code   RO         1500    .ARM.Collect$$libshutdown$$00000006  c_w.l(libshutdown2.o)
    0x08000176   0x00000000   Code   RO         1503    .ARM.Collect$$libshutdown$$00000009  c_w.l(libshutdown2.o)
    0x08000176   0x00000000   Code   RO         1505    .ARM.Collect$$libshutdown$$0000000B  c_w.l(libshutdown2.o)
    0x08000176   0x00000000   Code   RO         1508    .ARM.Collect$$libshutdown$$0000000E  c_w.l(libshutdown2.o)
    0x08000176   0x00000002   Code   RO         1509    .ARM.Collect$$libshutdown$$0000000F  c_w.l(libshutdown2.o)
    0x08000178   0x00000000   Code   RO         1316    .ARM.Collect$$rtentry$$00000000  c_w.l(__rtentry.o)
    0x08000178   0x00000000   Code   RO         1326    .ARM.Collect$$rtentry$$00000002  c_w.l(__rtentry2.o)
    0x08000178   0x00000006   Code   RO         1338    .ARM.Collect$$rtentry$$00000004  c_w.l(__rtentry4.o)
    0x0800017e   0x00000000   Code   RO         1328    .ARM.Collect$$rtentry$$00000009  c_w.l(__rtentry2.o)
    0x0800017e   0x00000004   Code   RO         1329    .ARM.Collect$$rtentry$$0000000A  c_w.l(__rtentry2.o)
    0x08000182   0x00000000   Code   RO         1331    .ARM.Collect$$rtentry$$0000000C  c_w.l(__rtentry2.o)
    0x08000182   0x00000008   Code   RO         1332    .ARM.Collect$$rtentry$$0000000D  c_w.l(__rtentry2.o)
    0x0800018a   0x00000002   Code   RO         1518    .ARM.Collect$$rtexit$$00000000  c_w.l(rtexit.o)
    0x0800018c   0x00000000   Code   RO         1576    .ARM.Collect$$rtexit$$00000002  c_w.l(rtexit2.o)
    0x0800018c   0x00000004   Code   RO         1577    .ARM.Collect$$rtexit$$00000003  c_w.l(rtexit2.o)
    0x08000190   0x00000006   Code   RO         1578    .ARM.Collect$$rtexit$$00000004  c_w.l(rtexit2.o)
    0x08000196   0x00000002   PAD
    0x08000198   0x00000000   Code   RO         1582    .emb_text           c_w.l(maybetermalloc1.o)
    0x08000198   0x00000040   Code   RO         1302    .text               startup_stm32f10x_md.o
    0x080001d8   0x00000018   Code   RO         1310    .text               c_w.l(noretval__2printf.o)
    0x080001f0   0x00000006   Code   RO         1312    .text               c_w.l(heapauxi.o)
    0x080001f6   0x00000002   PAD
    0x080001f8   0x00000024   Code   RO         1317    .text               c_w.l(_printf_char_file.o)
    0x0800021c   0x00000030   Code   RO         1340    .text               c_w.l(_printf_char_common.o)
    0x0800024c   0x00000008   Code   RO         1342    .text               c_w.l(ferror.o)
    0x08000254   0x00000138   Code   RO         1348    .text               c_w.l(initio.o)
    0x0800038c   0x00000066   Code   RO         1356    .text               c_w.l(sys_io.o)
    0x080003f2   0x0000004a   Code   RO         1363    .text               c_w.l(sys_stackheap_outer.o)
    0x0800043c   0x0000004e   Code   RO         1367    .text               c_w.l(h1_free.o)
    0x0800048a   0x00000028   Code   RO         1421    .text               c_w.l(__printf_nopercent.o)
    0x080004b2   0x000001d6   Code   RO         1423    .text               c_w.l(flsbuf.o)
    0x08000688   0x00000046   Code   RO         1425    .text               c_w.l(setvbuf.o)
    0x080006ce   0x00000002   PAD
    0x080006d0   0x000000ec   Code   RO         1428    .text               c_w.l(fopen.o)
    0x080007bc   0x0000004c   Code   RO         1430    .text               c_w.l(fclose.o)
    0x08000808   0x0000000c   Code   RO         1436    .text               c_w.l(exit.o)
    0x08000814   0x0000000e   Code   RO         1438    .text               c_w.l(defsig_rtred_outer.o)
    0x08000822   0x0000004e   Code   RO         1442    .text               c_w.l(rt_memclr_w.o)
    0x08000870   0x00000008   Code   RO         1512    .text               c_w.l(libspace.o)
    0x08000878   0x00000002   Code   RO         1515    .text               c_w.l(use_no_semi.o)
    0x0800087a   0x00000000   Code   RO         1517    .text               c_w.l(indicate_semi.o)
    0x0800087a   0x00000002   PAD
    0x0800087c   0x00000008   Code   RO         1525    .text               c_w.l(rt_heap_descriptor_intlibspace.o)
    0x08000884   0x00000004   Code   RO         1527    .text               c_w.l(hguard.o)
    0x08000888   0x0000008a   Code   RO         1529    .text               c_w.l(init_alloc.o)
    0x08000912   0x0000005e   Code   RO         1535    .text               c_w.l(h1_alloc.o)
    0x08000970   0x000000f8   Code   RO         1551    .text               c_w.l(fseek.o)
    0x08000a68   0x000000f0   Code   RO         1553    .text               c_w.l(stdio.o)
    0x08000b58   0x0000000a   Code   RO         1559    .text               c_w.l(defsig_exit.o)
    0x08000b62   0x00000002   PAD
    0x08000b64   0x00000034   Code   RO         1561    .text               c_w.l(defsig_rtred_inner.o)
    0x08000b98   0x0000003e   Code   RO         1565    .text               c_w.l(strlen.o)
    0x08000bd6   0x00000002   PAD
    0x08000bd8   0x0000000c   Code   RO         1573    .text               c_w.l(sys_exit.o)
    0x08000be4   0x0000000e   Code   RO         1584    .text               c_w.l(h1_init.o)
    0x08000bf2   0x00000034   Code   RO         1586    .text               c_w.l(h1_extend.o)
    0x08000c26   0x00000042   Code   RO         1596    .text               c_w.l(ftell.o)
    0x08000c68   0x00000032   Code   RO         1604    .text               c_w.l(defsig_general.o)
    0x08000c9a   0x0000000e   Code   RO         1606    .text               c_w.l(defsig_rtmem_outer.o)
    0x08000ca8   0x0000000e   Code   RO         1621    .text               c_w.l(sys_wrch.o)
    0x08000cb6   0x00000002   PAD
    0x08000cb8   0x00000008   Code   RO         1628    .text               c_w.l(rt_errno_addr_intlibspace.o)
    0x08000cc0   0x00000050   Code   RO         1634    .text               c_w.l(defsig_rtmem_inner.o)
    0x08000d10   0x00000002   Code   RO          865    i.ADC1_2_IRQHandler  user_interrupt.o
    0x08000d12   0x00000004   Code   RO          867    i.BusFault_Handler  user_interrupt.o
    0x08000d16   0x0000005c   Code   RO         1281    i.Config_System     user_system.o
    0x08000d72   0x00000002   Code   RO          870    i.DMA1_Channel2_IRQHandler  user_interrupt.o
    0x08000d74   0x00000002   Code   RO          871    i.DMA1_Channel3_IRQHandler  user_interrupt.o
    0x08000d76   0x00000002   Code   RO          872    i.DMA1_Channel4_IRQHandler  user_interrupt.o
    0x08000d78   0x00000002   Code   RO          873    i.DMA1_Channel5_IRQHandler  user_interrupt.o
    0x08000d7a   0x00000002   Code   RO          874    i.DMA1_Channel6_IRQHandler  user_interrupt.o
    0x08000d7c   0x00000002   Code   RO          875    i.DMA1_Channel7_IRQHandler  user_interrupt.o
    0x08000d7e   0x00000002   Code   RO          881    i.DebugMon_Handler  user_interrupt.o
    0x08000d80   0x00000002   Code   RO          883    i.EXTI0_IRQHandler  user_interrupt.o
    0x08000d82   0x00000002   Code   RO          884    i.EXTI15_10_IRQHandler  user_interrupt.o
    0x08000d84   0x00000002   Code   RO          885    i.EXTI1_IRQHandler  user_interrupt.o
    0x08000d86   0x00000002   Code   RO          886    i.EXTI2_IRQHandler  user_interrupt.o
    0x08000d88   0x00000002   Code   RO          887    i.EXTI3_IRQHandler  user_interrupt.o
    0x08000d8a   0x00000002   Code   RO          888    i.EXTI4_IRQHandler  user_interrupt.o
    0x08000d8c   0x00000002   Code   RO          889    i.EXTI9_5_IRQHandler  user_interrupt.o
    0x08000d8e   0x00000002   Code   RO          890    i.FLASH_IRQHandler  user_interrupt.o
    0x08000d90   0x0000001c   Code   RO          517    i.FLASH_PrefetchBufferCmd  stm32f10x_flash.o
    0x08000dac   0x00000018   Code   RO          522    i.FLASH_SetLatency  stm32f10x_flash.o
    0x08000dc4   0x0000003c   Code   RO          842    i.GPIO_Configuration  user_gpio.o
    0x08000e00   0x00000116   Code   RO          134    i.GPIO_Init         stm32f10x_gpio.o
    0x08000f16   0x00000002   PAD
    0x08000f18   0x00000090   Code   RO          136    i.GPIO_PinRemapConfig  stm32f10x_gpio.o
    0x08000fa8   0x00000024   Code   RO          892    i.HardFault_Handler  user_interrupt.o
    0x08000fcc   0x00000002   Code   RO          893    i.I2C1_ER_IRQHandler  user_interrupt.o
    0x08000fce   0x00000002   Code   RO          894    i.I2C1_EV_IRQHandler  user_interrupt.o
    0x08000fd0   0x00000002   Code   RO          895    i.I2C2_ER_IRQHandler  user_interrupt.o
    0x08000fd2   0x00000002   Code   RO          896    i.I2C2_EV_IRQHandler  user_interrupt.o
    0x08000fd4   0x00000004   Code   RO          897    i.MemManage_Handler  user_interrupt.o
    0x08000fd8   0x00000002   Code   RO          898    i.NMI_Handler       user_interrupt.o
    0x08000fda   0x00000002   Code   RO          899    i.PVD_IRQHandler    user_interrupt.o
    0x08000fdc   0x00000002   Code   RO          900    i.PendSV_Handler    user_interrupt.o
    0x08000fde   0x00000002   PAD
    0x08000fe0   0x00000020   Code   RO          254    i.RCC_APB2PeriphClockCmd  stm32f10x_rcc.o
    0x08001000   0x0000003c   Code   RO          263    i.RCC_GetFlagStatus  stm32f10x_rcc.o
    0x0800103c   0x00000010   Code   RO          265    i.RCC_GetSYSCLKSource  stm32f10x_rcc.o
    0x0800104c   0x00000018   Code   RO          266    i.RCC_HCLKConfig    stm32f10x_rcc.o
    0x08001064   0x0000000c   Code   RO          268    i.RCC_HSICmd        stm32f10x_rcc.o
    0x08001070   0x00000002   Code   RO          901    i.RCC_IRQHandler    user_interrupt.o
    0x08001072   0x00000002   PAD
    0x08001074   0x00000018   Code   RO          273    i.RCC_PCLK1Config   stm32f10x_rcc.o
    0x0800108c   0x00000018   Code   RO          274    i.RCC_PCLK2Config   stm32f10x_rcc.o
    0x080010a4   0x0000000c   Code   RO          275    i.RCC_PLLCmd        stm32f10x_rcc.o
    0x080010b0   0x0000001c   Code   RO          276    i.RCC_PLLConfig     stm32f10x_rcc.o
    0x080010cc   0x00000018   Code   RO          279    i.RCC_SYSCLKConfig  stm32f10x_rcc.o
    0x080010e4   0x00000002   Code   RO          902    i.RTCAlarm_IRQHandler  user_interrupt.o
    0x080010e6   0x00000002   Code   RO          903    i.RTC_IRQHandler    user_interrupt.o
    0x080010e8   0x00000002   Code   RO          905    i.SPI1_IRQHandler   user_interrupt.o
    0x080010ea   0x00000002   Code   RO          906    i.SPI2_IRQHandler   user_interrupt.o
    0x080010ec   0x00000002   Code   RO          908    i.SVC_Handler       user_interrupt.o
    0x080010ee   0x00000008   Code   RO          458    i.SetSysClock       system_stm32f10x.o
    0x080010f6   0x00000002   PAD
    0x080010f8   0x000000e0   Code   RO          459    i.SetSysClockTo72   system_stm32f10x.o
    0x080011d8   0x00000002   Code   RO          909    i.SysTick_Handler   user_interrupt.o
    0x080011da   0x00000002   PAD
    0x080011dc   0x00000060   Code   RO          461    i.SystemInit        system_stm32f10x.o
    0x0800123c   0x00000002   Code   RO          910    i.TAMPER_IRQHandler  user_interrupt.o
    0x0800123e   0x00000002   Code   RO          911    i.TIM1_BRK_IRQHandler  user_interrupt.o
    0x08001240   0x00000002   Code   RO          912    i.TIM1_CC_IRQHandler  user_interrupt.o
    0x08001242   0x00000002   Code   RO          913    i.TIM1_TRG_COM_IRQHandler  user_interrupt.o
    0x08001244   0x00000002   Code   RO          914    i.TIM1_UP_IRQHandler  user_interrupt.o
    0x08001246   0x00000002   Code   RO          915    i.TIM2_IRQHandler   user_interrupt.o
    0x08001248   0x00000002   Code   RO          916    i.TIM3_IRQHandler   user_interrupt.o
    0x0800124a   0x00000002   Code   RO          917    i.TIM4_IRQHandler   user_interrupt.o
    0x0800124c   0x00000002   Code   RO          927    i.USBWakeUp_IRQHandler  user_interrupt.o
    0x0800124e   0x00000002   Code   RO          929    i.USB_LP_CAN1_RX0_IRQHandler  user_interrupt.o
    0x08001250   0x00000004   Code   RO          930    i.UsageFault_Handler  user_interrupt.o
    0x08001254   0x00000002   Code   RO          931    i.WWDG_IRQHandler   user_interrupt.o
    0x08001256   0x00000002   PAD
    0x08001258   0x0000003c   Code   RO          802    i.__delay_ms        user_delay.o
    0x08001294   0x00000040   Code   RO          803    i.delay_init        user_delay.o
    0x080012d4   0x00000018   Code   RO          804    i.delay_ms          user_delay.o
    0x080012ec   0x0000003c   Code   RO          805    i.delay_us          user_delay.o
    0x08001328   0x0000001a   Code   RO         1345    i.fputc             c_w.l(fputc.o)
    0x08001342   0x00000034   Code   RO          743    i.lcd_clear         glcd_spi.o
    0x08001376   0x00000036   Code   RO          744    i.lcd_gotoxy        glcd_spi.o
    0x080013ac   0x00000026   Code   RO          745    i.lcd_init          glcd_spi.o
    0x080013d2   0x00000002   PAD
    0x080013d4   0x00000038   Code   RO          746    i.lcd_putchar       glcd_spi.o
    0x0800140c   0x00000016   Code   RO          747    i.lcd_puts          glcd_spi.o
    0x08001422   0x00000002   PAD
    0x08001424   0x00000080   Code   RO          748    i.lcd_write         glcd_spi.o
    0x080014a4   0x00000110   Code   RO          682    i.main              main.o
    0x080015b4   0x00000240   Data   RO          749    .constdata          glcd_spi.o
    0x080017f4   0x00000004   Data   RO         1357    .constdata          c_w.l(sys_io.o)
    0x080017f8   0x00000004   Data   RO         1358    .constdata          c_w.l(sys_io.o)
    0x080017fc   0x00000004   Data   RO         1359    .constdata          c_w.l(sys_io.o)
    0x08001800   0x00000020   Data   RO         1659    Region$$Table       anon$$obj.o


    Execution Region RW_IRAM1 (Base: 0x20000000, Size: 0x00000d70, Max: 0x00005000, ABSOLUTE)

    Base Addr    Size         Type   Attr      Idx    E Section Name        Object

    0x20000000   0x00000004   Data   RW          806    .data               user_delay.o
    0x20000004   0x00000004   Data   RW          843    .data               user_gpio.o
    0x20000008   0x00000004   Data   RW         1322    .data               c_w.l(stdio_streams.o)
    0x2000000c   0x00000004   Data   RW         1323    .data               c_w.l(stdio_streams.o)
    0x20000010   0x00000004   Data   RW         1324    .data               c_w.l(stdio_streams.o)
    0x20000014   0x00000054   Zero   RW         1319    .bss                c_w.l(stdio_streams.o)
    0x20000068   0x00000054   Zero   RW         1320    .bss                c_w.l(stdio_streams.o)
    0x200000bc   0x00000054   Zero   RW         1321    .bss                c_w.l(stdio_streams.o)
    0x20000110   0x00000060   Zero   RW         1513    .bss                c_w.l(libspace.o)
    0x20000170   0x00000800   Zero   RW         1300    HEAP                startup_stm32f10x_md.o
    0x20000970   0x00000400   Zero   RW         1299    STACK               startup_stm32f10x_md.o


==============================================================================

Image component sizes


      Code (inc. data)   RO Data    RW Data    ZI Data      Debug   Object Name

         0          0          0          0          0       4536   core_cm3.o
       350         14        576          0          0       3920   glcd_spi.o
       272         62          0          0          0        535   main.o
         0          0          0          0          0     211652   misc.o
        64         26        236          0       3072        828   startup_stm32f10x_md.o
        52         12          0          0          0       1073   stm32f10x_flash.o
       422          6          0          0          0       2750   stm32f10x_gpio.o
       256         54          0          0          0       5393   stm32f10x_rcc.o
       328         28          0          0          0       1969   system_stm32f10x.o
       208         16          0          4          0       2372   user_delay.o
        60         12          0          4          0        790   user_gpio.o
       130         26          0          0          0      21549   user_interrupt.o
        92          0          0          0          0        540   user_system.o

    ----------------------------------------------------------------------
      2250        256        844          8       3072     257907   Object Totals
         0          0         32          0          0          0   (incl. Generated)
        16          0          0          0          0          0   (incl. Padding)

    ----------------------------------------------------------------------

      Code (inc. data)   RO Data    RW Data    ZI Data      Debug   Library Member Name

         8          0          0          0          0         68   __main.o
        40          0          0          0          0         84   __printf_nopercent.o
         0          0          0          0          0          0   __rtentry.o
        12          0          0          0          0          0   __rtentry2.o
         6          0          0          0          0          0   __rtentry4.o
        52          8          0          0          0          0   __scatter.o
        26          0          0          0          0          0   __scatter_copy.o
        28          0          0          0          0          0   __scatter_zi.o
        48          6          0          0          0         96   _printf_char_common.o
        36          4          0          0          0         80   _printf_char_file.o
        10          0          0          0          0         68   defsig_exit.o
        50          0          0          0          0         88   defsig_general.o
        80         58          0          0          0         76   defsig_rtmem_inner.o
        14          0          0          0          0         80   defsig_rtmem_outer.o
        52         38          0          0          0         76   defsig_rtred_inner.o
        14          0          0          0          0         80   defsig_rtred_outer.o
        12          0          0          0          0         72   exit.o
        76          0          0          0          0         88   fclose.o
         8          0          0          0          0         68   ferror.o
       470          0          0          0          0         88   flsbuf.o
       236          4          0          0          0        128   fopen.o
        26          0          0          0          0         68   fputc.o
       248          6          0          0          0         84   fseek.o
        66          0          0          0          0         76   ftell.o
        94          0          0          0          0         80   h1_alloc.o
        52          0          0          0          0         68   h1_extend.o
        78          0          0          0          0         80   h1_free.o
        14          0          0          0          0         84   h1_init.o
         6          0          0          0          0        152   heapauxi.o
         4          0          0          0          0        136   hguard.o
         0          0          0          0          0          0   indicate_semi.o
       138          0          0          0          0        168   init_alloc.o
       312         46          0          0          0        112   initio.o
         2          0          0          0          0          0   libinit.o
        14          0          0          0          0          0   libinit2.o
         2          0          0          0          0          0   libshutdown.o
         6          0          0          0          0          0   libshutdown2.o
         8          4          0          0         96         68   libspace.o
         0          0          0          0          0          0   maybetermalloc1.o
        24          4          0          0          0         84   noretval__2printf.o
         8          4          0          0          0         68   rt_errno_addr_intlibspace.o
         8          4          0          0          0         68   rt_heap_descriptor_intlibspace.o
        78          0          0          0          0         80   rt_memclr_w.o
         2          0          0          0          0          0   rtexit.o
        10          0          0          0          0          0   rtexit2.o
        70          0          0          0          0         80   setvbuf.o
       240          6          0          0          0        156   stdio.o
         0          0          0         12        252          0   stdio_streams.o
        62          0          0          0          0         76   strlen.o
        12          4          0          0          0         68   sys_exit.o
       102          0         12          0          0        240   sys_io.o
        74          0          0          0          0         80   sys_stackheap_outer.o
        14          0          0          0          0         76   sys_wrch.o
         2          0          0          0          0         68   use_no_semi.o

    ----------------------------------------------------------------------
      3070        196         12         12        348       3560   Library Totals
        16          0          0          0          0          0   (incl. Padding)

    ----------------------------------------------------------------------

      Code (inc. data)   RO Data    RW Data    ZI Data      Debug   Library Name

      3054        196         12         12        348       3560   c_w.l

    ----------------------------------------------------------------------
      3070        196         12         12        348       3560   Library Totals

    ----------------------------------------------------------------------

==============================================================================


      Code (inc. data)   RO Data    RW Data    ZI Data      Debug   

      5320        452        856         20       3420     255951   Grand Totals
      5320        452        856         20       3420     255951   ELF Image Totals
      5320        452        856         20          0          0   ROM Totals

==============================================================================

    Total RO  Size (Code + RO Data)                 6176 (   6.03kB)
    Total RW  Size (RW Data + ZI Data)              3440 (   3.36kB)
    Total ROM Size (Code + RO Data + RW Data)       6196 (   6.05kB)

==============================================================================

